Archive member included to satisfy reference by file (symbol)

/workspace/scratch/29e5f6cc8c13/tmp/toolchains/xpack-arm-none-eabi-gcc-13.3.1-1.1/bin/../lib/gcc/arm-none-eabi/13.3.1/../../../../arm-none-eabi/lib/thumb/v7e-m+fp/hard/libc_nano.a(libc_a-atexit.o)
                              /workspace/scratch/29e5f6cc8c13/tmp/toolchains/xpack-arm-none-eabi-gcc-13.3.1-1.1/bin/../lib/gcc/arm-none-eabi/13.3.1/../../../../arm-none-eabi/lib/thumb/v7e-m+fp/hard/crt0.o (atexit)
/workspace/scratch/29e5f6cc8c13/tmp/toolchains/xpack-arm-none-eabi-gcc-13.3.1-1.1/bin/../lib/gcc/arm-none-eabi/13.3.1/../../../../arm-none-eabi/lib/thumb/v7e-m+fp/hard/libc_nano.a(libc_a-exit.o)
                              /workspace/scratch/29e5f6cc8c13/tmp/toolchains/xpack-arm-none-eabi-gcc-13.3.1-1.1/bin/../lib/gcc/arm-none-eabi/13.3.1/../../../../arm-none-eabi/lib/thumb/v7e-m+fp/hard/crt0.o (exit)
/workspace/scratch/29e5f6cc8c13/tmp/toolchains/xpack-arm-none-eabi-gcc-13.3.1-1.1/bin/../lib/gcc/arm-none-eabi/13.3.1/../../../../arm-none-eabi/lib/thumb/v7e-m+fp/hard/libc_nano.a(libc_a-findfp.o)
                              /workspace/scratch/29e5f6cc8c13/tmp/toolchains/xpack-arm-none-eabi-gcc-13.3.1-1.1/bin/../lib/gcc/arm-none-eabi/13.3.1/../../../../arm-none-eabi/lib/thumb/v7e-m+fp/hard/libc_nano.a(libc_a-exit.o) (__stdio_exit_handler)
/workspace/scratch/29e5f6cc8c13/tmp/toolchains/xpack-arm-none-eabi-gcc-13.3.1-1.1/bin/../lib/gcc/arm-none-eabi/13.3.1/../../../../arm-none-eabi/lib/thumb/v7e-m+fp/hard/libc_nano.a(libc_a-fwalk.o)
                              /workspace/scratch/29e5f6cc8c13/tmp/toolchains/xpack-arm-none-eabi-gcc-13.3.1-1.1/bin/../lib/gcc/arm-none-eabi/13.3.1/../../../../arm-none-eabi/lib/thumb/v7e-m+fp/hard/libc_nano.a(libc_a-findfp.o) (_fwalk_sglue)
/workspace/scratch/29e5f6cc8c13/tmp/toolchains/xpack-arm-none-eabi-gcc-13.3.1-1.1/bin/../lib/gcc/arm-none-eabi/13.3.1/../../../../arm-none-eabi/lib/thumb/v7e-m+fp/hard/libc_nano.a(libc_a-stdio.o)
                              /workspace/scratch/29e5f6cc8c13/tmp/toolchains/xpack-arm-none-eabi-gcc-13.3.1-1.1/bin/../lib/gcc/arm-none-eabi/13.3.1/../../../../arm-none-eabi/lib/thumb/v7e-m+fp/hard/libc_nano.a(libc_a-findfp.o) (__sread)
/workspace/scratch/29e5f6cc8c13/tmp/toolchains/xpack-arm-none-eabi-gcc-13.3.1-1.1/bin/../lib/gcc/arm-none-eabi/13.3.1/../../../../arm-none-eabi/lib/thumb/v7e-m+fp/hard/libc_nano.a(libc_a-memset.o)
                              /workspace/scratch/29e5f6cc8c13/tmp/toolchains/xpack-arm-none-eabi-gcc-13.3.1-1.1/bin/../lib/gcc/arm-none-eabi/13.3.1/../../../../arm-none-eabi/lib/thumb/v7e-m+fp/hard/crt0.o (memset)
/workspace/scratch/29e5f6cc8c13/tmp/toolchains/xpack-arm-none-eabi-gcc-13.3.1-1.1/bin/../lib/gcc/arm-none-eabi/13.3.1/../../../../arm-none-eabi/lib/thumb/v7e-m+fp/hard/libc_nano.a(libc_a-closer.o)
                              /workspace/scratch/29e5f6cc8c13/tmp/toolchains/xpack-arm-none-eabi-gcc-13.3.1-1.1/bin/../lib/gcc/arm-none-eabi/13.3.1/../../../../arm-none-eabi/lib/thumb/v7e-m+fp/hard/libc_nano.a(libc_a-stdio.o) (_close_r)
/workspace/scratch/29e5f6cc8c13/tmp/toolchains/xpack-arm-none-eabi-gcc-13.3.1-1.1/bin/../lib/gcc/arm-none-eabi/13.3.1/../../../../arm-none-eabi/lib/thumb/v7e-m+fp/hard/libc_nano.a(libc_a-reent.o)
                              /workspace/scratch/29e5f6cc8c13/tmp/toolchains/xpack-arm-none-eabi-gcc-13.3.1-1.1/bin/../lib/gcc/arm-none-eabi/13.3.1/../../../../arm-none-eabi/lib/thumb/v7e-m+fp/hard/libc_nano.a(libc_a-closer.o) (errno)
/workspace/scratch/29e5f6cc8c13/tmp/toolchains/xpack-arm-none-eabi-gcc-13.3.1-1.1/bin/../lib/gcc/arm-none-eabi/13.3.1/../../../../arm-none-eabi/lib/thumb/v7e-m+fp/hard/libc_nano.a(libc_a-impure.o)
                              /workspace/scratch/29e5f6cc8c13/tmp/toolchains/xpack-arm-none-eabi-gcc-13.3.1-1.1/bin/../lib/gcc/arm-none-eabi/13.3.1/../../../../arm-none-eabi/lib/thumb/v7e-m+fp/hard/libc_nano.a(libc_a-reent.o) (_impure_ptr)
/workspace/scratch/29e5f6cc8c13/tmp/toolchains/xpack-arm-none-eabi-gcc-13.3.1-1.1/bin/../lib/gcc/arm-none-eabi/13.3.1/../../../../arm-none-eabi/lib/thumb/v7e-m+fp/hard/libc_nano.a(libc_a-lseekr.o)
                              /workspace/scratch/29e5f6cc8c13/tmp/toolchains/xpack-arm-none-eabi-gcc-13.3.1-1.1/bin/../lib/gcc/arm-none-eabi/13.3.1/../../../../arm-none-eabi/lib/thumb/v7e-m+fp/hard/libc_nano.a(libc_a-stdio.o) (_lseek_r)
/workspace/scratch/29e5f6cc8c13/tmp/toolchains/xpack-arm-none-eabi-gcc-13.3.1-1.1/bin/../lib/gcc/arm-none-eabi/13.3.1/../../../../arm-none-eabi/lib/thumb/v7e-m+fp/hard/libc_nano.a(libc_a-readr.o)
                              /workspace/scratch/29e5f6cc8c13/tmp/toolchains/xpack-arm-none-eabi-gcc-13.3.1-1.1/bin/../lib/gcc/arm-none-eabi/13.3.1/../../../../arm-none-eabi/lib/thumb/v7e-m+fp/hard/libc_nano.a(libc_a-stdio.o) (_read_r)
/workspace/scratch/29e5f6cc8c13/tmp/toolchains/xpack-arm-none-eabi-gcc-13.3.1-1.1/bin/../lib/gcc/arm-none-eabi/13.3.1/../../../../arm-none-eabi/lib/thumb/v7e-m+fp/hard/libc_nano.a(libc_a-writer.o)
[...]
Memory Configuration

Name             Origin             Length             Attributes
FLASH            0x00000000         0x00100000         xr
RAM              0x20000000         0x00040000         xrw
*default*        0x00000000         0xffffffff

Linker script and memory map

LOAD /workspace/scratch/29e5f6cc8c13/tmp/toolchains/xpack-arm-none-eabi-gcc-13.3.1-1.1/bin/../lib/gcc/arm-none-eabi/13.3.1/thumb/v7e-m+fp/hard/crti.o
LOAD /workspace/scratch/29e5f6cc8c13/tmp/toolchains/xpack-arm-none-eabi-gcc-13.3.1-1.1/bin/../lib/gcc/arm-none-eabi/13.3.1/thumb/v7e-m+fp/hard/crtbegin.o
LOAD /workspace/scratch/29e5f6cc8c13/tmp/toolchains/xpack-arm-none-eabi-gcc-13.3.1-1.1/bin/../lib/gcc/arm-none-eabi/13.3.1/../../../../arm-none-eabi/lib/thumb/v7e-m+fp/hard/crt0.o
LOAD /workspace/scratch/29e5f6cc8c13/tmp/toolchains/xpack-arm-none-eabi-gcc-13.3.1-1.1/bin/../lib/gcc/arm-none-eabi/13.3.1/../../../../arm-none-eabi/lib/thumb/v7e-m+fp/hard/libc_nano.a
LOAD /workspace/scratch/29e5f6cc8c13/tmp/toolchains/xpack-arm-none-eabi-gcc-13.3.1-1.1/bin/../lib/gcc/arm-none-eabi/13.3.1/../../../../arm-none-eabi/lib/thumb/v7e-m+fp/hard/libnosys.a
LOAD build/nrf52840/dk/obj/board-leds.o
LOAD build/nrf52840/dk/obj/board-buttons.o
LOAD build/nrf52840/dk/obj/nrf52840dk-sensors.o
LOAD build/nrf52840/dk/obj/platform.o
LOAD build/nrf52840/dk/obj/temperature-sensor.o
LOAD build/nrf52840/dk/obj/dbg.o
LOAD build/nrf52840/dk/obj/clock.o
LOAD build/nrf52840/dk/obj/rtimer-arch.o
LOAD build/nrf52840/dk/obj/uart0.o
LOAD build/nrf52840/dk/obj/watchdog.o
LOAD build/nrf52840/dk/obj/int-master.o
LOAD build/nrf52840/dk/obj/slip-arch.o
LOAD build/nrf52840/dk/obj/gpio-hal-arch.o
LOAD build/nrf52840/dk/obj/nrf52840-ieee.o
LOAD build/nrf52840/dk/obj/boards.o
LOAD build/nrf52840/dk/obj/app_error.o
LOAD build/nrf52840/dk/obj/app_error_handler_gcc.o
LOAD build/nrf52840/dk/obj/app_error_weak.o
LOAD build/nrf52840/dk/obj/nrf_assert.o
LOAD build/nrf52840/dk/obj/app_util_platform.o
LOAD build/nrf52840/dk/obj/nrf_queue.o
LOAD build/nrf52840/dk/obj/nrf_strerror.o
LOAD build/nrf52840/dk/obj/nrfx_clock.o
LOAD build/nrf52840/dk/obj/nrfx_rtc.o
LOAD build/nrf52840/dk/obj/nrfx_gpiote.o
LOAD build/nrf52840/dk/obj/nrfx_rng.o
LOAD build/nrf52840/dk/obj/nrfx_wdt.o
LOAD build/nrf52840/dk/obj/nrfx_power.o
LOAD build/nrf52840/dk/obj/system_nrf52840.o
LOAD build/nrf52840/dk/obj/nrf_drv_clock.o
LOAD build/nrf52840/dk/obj/nrf_drv_rng.o
LOAD build/nrf52840/dk/obj/nrf_drv_power.o
LOAD build/nrf52840/dk/obj/app_fifo.o
LOAD build/nrf52840/dk/obj/gcc_startup_nrf52840.o
LOAD build/nrf52840/dk/obj/da_ahe_params.o
LOAD build/nrf52840/dk/obj/db2.o
LOAD build/nrf52840/dk/obj/gaussian.o
LOAD build/nrf52840/dk/obj/hmac_sha3.o
LOAD build/nrf52840/dk/obj/linear_auth.o
LOAD build/nrf52840/dk/obj/mlwe.o
LOAD build/nrf52840/dk/obj/randombytes_contiki.o
LOAD build/nrf52840/dk/obj/resource-status.o
LOAD build/nrf52840/dk/obj/stack_watermark.o
LOAD build/nrf52840/dk/obj/test_vectors.o
LOAD build/nrf52840/dk/obj/fips202.o
LOAD build/nrf52840/dk/obj/ntt.o
LOAD build/nrf52840/dk/obj/packing.o
LOAD build/nrf52840/dk/obj/poly.o
LOAD build/nrf52840/dk/obj/polyvec.o
LOAD build/nrf52840/dk/obj/reduce.o
LOAD build/nrf52840/dk/obj/rounding.o
LOAD build/nrf52840/dk/obj/sign.o
LOAD build/nrf52840/dk/obj/symmetric-shake.o
LOAD build/nrf52840/dk/obj/coap-block1.o
LOAD build/nrf52840/dk/obj/coap-blocking-api.o
LOAD build/nrf52840/dk/obj/coap-callback-api.o
LOAD build/nrf52840/dk/obj/coap-engine.o
LOAD build/nrf52840/dk/obj/coap-keystore-simple.o
LOAD build/nrf52840/dk/obj/coap-log.o
LOAD build/nrf52840/dk/obj/coap-observe-client.o
LOAD build/nrf52840/dk/obj/coap-observe.o
LOAD build/nrf52840/dk/obj/coap-res-well-known-core.o
LOAD build/nrf52840/dk/obj/coap-separate.o
LOAD build/nrf52840/dk/obj/coap-timer-default.o
LOAD build/nrf52840/dk/obj/coap-timer.o
LOAD build/nrf52840/dk/obj/coap-transactions.o
LOAD build/nrf52840/dk/obj/coap-uip.o
LOAD build/nrf52840/dk/obj/coap.o
LOAD build/nrf52840/dk/obj/contiki-main.o
LOAD build/nrf52840/dk/obj/atomic.o
LOAD build/nrf52840/dk/obj/autostart.o
LOAD build/nrf52840/dk/obj/compower.o
LOAD build/nrf52840/dk/obj/ctimer.o
LOAD build/nrf52840/dk/obj/energest.o
LOAD build/nrf52840/dk/obj/etimer.o
LOAD build/nrf52840/dk/obj/log.o
LOAD build/nrf52840/dk/obj/mutex.o
LOAD build/nrf52840/dk/obj/node-id.o
LOAD build/nrf52840/dk/obj/process.o
LOAD build/nrf52840/dk/obj/rtimer.o
LOAD build/nrf52840/dk/obj/stack-check.o
LOAD build/nrf52840/dk/obj/stimer.o
LOAD build/nrf52840/dk/obj/timer.o
LOAD build/nrf52840/dk/obj/aes-128.o
LOAD build/nrf52840/dk/obj/assert.o
LOAD build/nrf52840/dk/obj/ccm-star.o
LOAD build/nrf52840/dk/obj/circular-list.o
LOAD build/nrf52840/dk/obj/crc16.o
LOAD build/nrf52840/dk/obj/dbl-circ-list.o
LOAD build/nrf52840/dk/obj/dbl-list.o
LOAD build/nrf52840/dk/obj/heapmem.o
LOAD build/nrf52840/dk/obj/hexconv.o
LOAD build/nrf52840/dk/obj/ifft.o
LOAD build/nrf52840/dk/obj/list.o
LOAD build/nrf52840/dk/obj/memb.o
LOAD build/nrf52840/dk/obj/random.o
LOAD build/nrf52840/dk/obj/ringbuf.o
LOAD build/nrf52840/dk/obj/ringbufindex.o
LOAD build/nrf52840/dk/obj/sensors.o
LOAD build/nrf52840/dk/obj/trickle-timer.o
LOAD build/nrf52840/dk/obj/button-hal.o
LOAD build/nrf52840/dk/obj/gpio-hal.o
LOAD build/nrf52840/dk/obj/leds.o
LOAD build/nrf52840/dk/obj/nullradio.o
LOAD build/nrf52840/dk/obj/serial-line.o
LOAD build/nrf52840/dk/obj/slip.o
LOAD build/nrf52840/dk/obj/spi.o
LOAD build/nrf52840/dk/obj/link-stats.o
LOAD build/nrf52840/dk/obj/linkaddr.o
LOAD build/nrf52840/dk/obj/nbr-table.o
LOAD build/nrf52840/dk/obj/net-debug.o
LOAD build/nrf52840/dk/obj/netstack.o
LOAD build/nrf52840/dk/obj/packetbuf.o
LOAD build/nrf52840/dk/obj/queuebuf.o
LOAD build/nrf52840/dk/obj/mac-sequence.o
LOAD build/nrf52840/dk/obj/mac.o
LOAD build/nrf52840/dk/obj/frame802154.o
LOAD build/nrf52840/dk/obj/frame802154e-ie.o
LOAD build/nrf52840/dk/obj/framer-802154.o
LOAD build/nrf52840/dk/obj/nullframer.o
LOAD build/nrf52840/dk/obj/syscalls.o
LOAD build/nrf52840/dk/obj/printf.o
LOAD build/nrf52840/dk/obj/putchar.o
LOAD build/nrf52840/dk/obj/puts.o
LOAD build/nrf52840/dk/obj/snprintf.o
LOAD build/nrf52840/dk/obj/sprintf.o
LOAD build/nrf52840/dk/obj/strformat.o
LOAD build/nrf52840/dk/obj/anti-replay.o
LOAD build/nrf52840/dk/obj/ccm-star-packetbuf.o
LOAD build/nrf52840/dk/obj/csma-output.o
LOAD build/nrf52840/dk/obj/csma-security.o
LOAD build/nrf52840/dk/obj/csma.o
LOAD build/nrf52840/dk/obj/ip64-addr.o
LOAD build/nrf52840/dk/obj/psock.o
LOAD build/nrf52840/dk/obj/sicslowpan.o
LOAD build/nrf52840/dk/obj/simple-udp.o
LOAD build/nrf52840/dk/obj/tcp-socket.o
LOAD build/nrf52840/dk/obj/tcpip.o
LOAD build/nrf52840/dk/obj/udp-socket.o
LOAD build/nrf52840/dk/obj/uip-ds6-nbr.o
LOAD build/nrf52840/dk/obj/uip-ds6-route.o
LOAD build/nrf52840/dk/obj/uip-ds6.o
LOAD build/nrf52840/dk/obj/uip-icmp6.o
LOAD build/nrf52840/dk/obj/uip-nameserver.o
LOAD build/nrf52840/dk/obj/uip-nd6.o
LOAD build/nrf52840/dk/obj/uip-packetqueue.o
LOAD build/nrf52840/dk/obj/uip-sr.o
LOAD build/nrf52840/dk/obj/uip-udp-packet.o
LOAD build/nrf52840/dk/obj/uip6.o
LOAD build/nrf52840/dk/obj/uipbuf.o
LOAD build/nrf52840/dk/obj/uiplib.o
LOAD build/nrf52840/dk/obj/rpl-dag-root.o
LOAD build/nrf52840/dk/obj/rpl-dag.o
LOAD build/nrf52840/dk/obj/rpl-ext-header.o
LOAD build/nrf52840/dk/obj/rpl-icmp6.o
LOAD build/nrf52840/dk/obj/rpl-mrhof.o
LOAD build/nrf52840/dk/obj/rpl-nbr-policy.o
LOAD build/nrf52840/dk/obj/rpl-neighbor.o
LOAD build/nrf52840/dk/obj/rpl-of0.o
LOAD build/nrf52840/dk/obj/rpl-timers.o
LOAD build/nrf52840/dk/obj/rpl.o
LOAD da-ahe-node.o
START GROUP
END GROUP
START GROUP
LOAD /workspace/scratch/29e5f6cc8c13/tmp/toolchains/xpack-arm-none-eabi-gcc-13.3.1-1.1/bin/../lib/gcc/arm-none-eabi/13.3.1/thumb/v7e-m+fp/hard/libgcc.a
LOAD /workspace/scratch/29e5f6cc8c13/tmp/toolchains/xpack-arm-none-eabi-gcc-13.3.1-1.1/bin/../lib/gcc/arm-none-eabi/13.3.1/../../../../arm-none-eabi/lib/thumb/v7e-m+fp/hard/libc_nano.a
END GROUP
START GROUP
LOAD /workspace/scratch/29e5f6cc8c13/tmp/toolchains/xpack-arm-none-eabi-gcc-13.3.1-1.1/bin/../lib/gcc/arm-none-eabi/13.3.1/thumb/v7e-m+fp/hard/libgcc.a
LOAD /workspace/scratch/29e5f6cc8c13/tmp/toolchains/xpack-arm-none-eabi-gcc-13.3.1-1.1/bin/../lib/gcc/arm-none-eabi/13.3.1/../../../../arm-none-eabi/lib/thumb/v7e-m+fp/hard/libc_nano.a
END GROUP
LOAD /workspace/scratch/29e5f6cc8c13/tmp/toolchains/xpack-arm-none-eabi-gcc-13.3.1-1.1/bin/../lib/gcc/arm-none-eabi/13.3.1/thumb/v7e-m+fp/hard/crtend.o
LOAD /workspace/scratch/29e5f6cc8c13/tmp/toolchains/xpack-arm-none-eabi-gcc-13.3.1-1.1/bin/../lib/gcc/arm-none-eabi/13.3.1/thumb/v7e-m+fp/hard/crtn.o
START GROUP
LOAD /workspace/scratch/29e5f6cc8c13/tmp/toolchains/xpack-arm-none-eabi-gcc-13.3.1-1.1/bin/../lib/gcc/arm-none-eabi/13.3.1/thumb/v7e-m+fp/hard/libgcc.a
LOAD /workspace/scratch/29e5f6cc8c13/tmp/toolchains/xpack-arm-none-eabi-gcc-13.3.1-1.1/bin/../lib/gcc/arm-none-eabi/13.3.1/../../../../arm-none-eabi/lib/thumb/v7e-m+fp/hard/libc.a
LOAD /workspace/scratch/29e5f6cc8c13/tmp/toolchains/xpack-arm-none-eabi-gcc-13.3.1-1.1/bin/../lib/gcc/arm-none-eabi/13.3.1/../../../../arm-none-eabi/lib/thumb/v7e-m+fp/hard/libnosys.a
END GROUP

.text           0x00000000    0x15ff0
 *(SORT_BY_ALIGNMENT(.isr_vector))
 .isr_vector    0x00000000      0x200 build/nrf52840/dk/obj/gcc_startup_nrf52840.o
                0x00000000                __isr_vector
 *(SORT_BY_ALIGNMENT(.text*))
 .text          0x00000200       0xa0 /workspace/scratch/29e5f6cc8c13/tmp/toolchains/xpack-arm-none-eabi-gcc-13.3.1-1.1/bin/../lib/gcc/arm-none-eabi/13.3.1/../../../../arm-none-eabi/lib/thumb/v7e-m+fp/hard/libc_nano.a(libc_a-memchr.o)
                0x00000200                memchr
 .text.shake128_inc_init
                0x000002a0       0x28 build/nrf52840/dk/obj/fips202.o
                0x000002a0                shake128_inc_init
 .text.shake128_inc_finalize
                0x000002c8       0x68 build/nrf52840/dk/obj/fips202.o
                0x000002c8                shake128_inc_finalize
 .text.shake256_inc_init
                0x00000330       0x28 build/nrf52840/dk/obj/fips202.o
                0x00000330                shake256_inc_init
 .text.shake256_inc_finalize
                0x00000358       0x68 build/nrf52840/dk/obj/fips202.o
                0x00000358                shake256_inc_finalize
 .text.sha3_256_inc_init
                0x000003c0       0x28 build/nrf52840/dk/obj/fips202.o
                0x000003c0                sha3_256_inc_init
 .text.__do_global_dtors_aux
                0x000003e8       0x24 /workspace/scratch/29e5f6cc8c13/tmp/toolchains/xpack-arm-none-eabi-gcc-13.3.1-1.1/bin/../lib/gcc/arm-none-eabi/13.3.1/thumb/v7e-m+fp/hard/crtbegin.o
 .text.frame_dummy
                0x0000040c       0x1c /workspace/scratch/29e5f6cc8c13/tmp/toolchains/xpack-arm-none-eabi-gcc-13.3.1-1.1/bin/../lib/gcc/arm-none-eabi/13.3.1/thumb/v7e-m+fp/hard/crtbegin.o
 .text          0x00000428       0x70 /workspace/scratch/29e5f6cc8c13/tmp/toolchains/xpack-arm-none-eabi-gcc-13.3.1-1.1/bin/../lib/gcc/arm-none-eabi/13.3.1/../../../../arm-none-eabi/lib/thumb/v7e-m+fp/hard/crt0.o
                0x00000428                _stack_init
                0x00000430                _mainCRTStartup
                0x00000430                _start
 .text.exit     0x00000498       0x24 /workspace/scratch/29e5f6cc8c13/tmp/toolchains/xpack-arm-none-eabi-gcc-13.3.1-1.1/bin/../lib/gcc/arm-none-eabi/13.3.1/../../../../arm-none-eabi/lib/thumb/v7e-m+fp/hard/libc_nano.a(libc_a-exit.o)
                0x00000498                exit
 .text.std      0x000004bc       0x6c /workspace/scratch/29e5f6cc8c13/tmp/toolchains/xpack-arm-none-eabi-gcc-13.3.1-1.1/bin/../lib/gcc/arm-none-eabi/13.3.1/../../../../arm-none-eabi/lib/thumb/v7e-m+fp/hard/libc_nano.a(libc_a-findfp.o)
 .text.stdio_exit_handler
                0x00000528       0x18 /workspace/scratch/29e5f6cc8c13/tmp/toolchains/xpack-arm-none-eabi-gcc-13.3.1-1.1/bin/../lib/gcc/arm-none-eabi/13.3.1/../../../../arm-none-eabi/lib/thumb/v7e-m+fp/hard/libc_nano.a(libc_a-findfp.o)
 .text.cleanup_stdio
                0x00000540       0x40 /workspace/scratch/29e5f6cc8c13/tmp/toolchains/xpack-arm-none-eabi-gcc-13.3.1-1.1/bin/../lib/gcc/arm-none-eabi/13.3.1/../../../../arm-none-eabi/lib/thumb/v7e-m+fp/hard/libc_nano.a(libc_a-findfp.o)
 .text.global_stdio_init.part.0
                0x00000580       0x3c /workspace/scratch/29e5f6cc8c13/tmp/toolchains/xpack-arm-none-eabi-gcc-13.3.1-1.1/bin/../lib/gcc/arm-none-eabi/13.3.1/../../../../arm-none-eabi/lib/thumb/v7e-m+fp/hard/libc_nano.a(libc_a-findfp.o)
 .text.__sfp_lock_acquire
                0x000005bc        0xc /workspace/scratch/29e5f6cc8c13/tmp/toolchains/xpack-arm-none-eabi-gcc-13.3.1-1.1/bin/../lib/gcc/arm-none-eabi/13.3.1/../../../../arm-none-eabi/lib/thumb/v7e-m+fp/hard/libc_nano.a(libc_a-findfp.o)
                0x000005bc                __sfp_lock_acquire
 .text.__sfp_lock_release
                0x000005c8        0xc /workspace/scratch/29e5f6cc8c13/tmp/toolchains/xpack-arm-none-eabi-gcc-13.3.1-1.1/bin/../lib/gcc/arm-none-eabi/13.3.1/../../../../arm-none-eabi/lib/thumb/v7e-m+fp/hard/libc_nano.a(libc_a-findfp.o)
                0x000005c8                __sfp_lock_release
 .text.__sinit  0x000005d4       0x30 /workspace/scratch/29e5f6cc8c13/tmp/toolchains/xpack-arm-none-eabi-gcc-13.3.1-1.1/bin/../lib/gcc/arm-none-eabi/13.3.1/../../../../arm-none-eabi/lib/thumb/v7e-m+fp/hard/libc_nano.a(libc_a-findfp.o)
                0x000005d4                __sinit
 .text._close_r
                0x00000604       0x20 /workspace/scratch/29e5f6cc8c13/tmp/toolchains/xpack-arm-none-eabi-gcc-13.3.1-1.1/bin/../lib/gcc/arm-none-eabi/13.3.1/../../../../arm-none-eabi/lib/thumb/v7e-m+fp/hard/libc_nano.a(libc_a-closer.o)
                0x00000604                _close_r
 .text._lseek_r
                0x00000624       0x24 /workspace/scratch/29e5f6cc8c13/tmp/toolchains/xpack-arm-none-eabi-gcc-13.3.1-1.1/bin/../lib/gcc/arm-none-eabi/13.3.1/../../../../arm-none-eabi/lib/thumb/v7e-m+fp/hard/libc_nano.a(libc_a-lseekr.o)
                0x00000624                _lseek_r
 .text._read_r  0x00000648       0x24 /workspace/scratch/29e5f6cc8c13/tmp/toolchains/xpack-arm-none-eabi-gcc-13.3.1-1.1/bin/../lib/gcc/arm-none-eabi/13.3.1/../../../../arm-none-eabi/lib/thumb/v7e-m+fp/hard/libc_nano.a(libc_a-readr.o)
                0x00000648                _read_r
 .text._write_r
                0x0000066c       0x24 /workspace/scratch/29e5f6cc8c13/tmp/toolchains/xpack-arm-none-eabi-gcc-13.3.1-1.1/bin/../lib/gcc/arm-none-eabi/13.3.1/../../../../arm-none-eabi/lib/thumb/v7e-m+fp/hard/libc_nano.a(libc_a-writer.o)
                0x0000066c                _write_r
 .text.__libc_init_array
                0x00000690       0x48 /workspace/scratch/29e5f6cc8c13/tmp/toolchains/xpack-arm-none-eabi-gcc-13.3.1-1.1/bin/../lib/gcc/arm-none-eabi/13.3.1/../../../../arm-none-eabi/lib/thumb/v7e-m+fp/hard/libc_nano.a(libc_a-init.o)
                0x00000690                __libc_init_array
 .text.__libc_fini_array
                0x000006d8       0x28 /workspace/scratch/29e5f6cc8c13/tmp/toolchains/xpack-arm-none-eabi-gcc-13.3.1-1.1/bin/../lib/gcc/arm-none-eabi/13.3.1/../../../../arm-none-eabi/lib/thumb/v7e-m+fp/hard/libc_nano.a(libc_a-fini.o)
                0x000006d8                __libc_fini_array
 .text.__register_exitproc
                0x00000700       0xb8 /workspace/scratch/29e5f6cc8c13/tmp/toolchains/xpack-arm-none-eabi-gcc-13.3.1-1.1/bin/../lib/gcc/arm-none-eabi/13.3.1/../../../../arm-none-eabi/lib/thumb/v7e-m+fp/hard/libc_nano.a(libc_a-__atexit.o)
                0x00000700                __register_exitproc
 .text.__call_exitprocs
                0x000007b8       0xbc /workspace/scratch/29e5f6cc8c13/tmp/toolchains/xpack-arm-none-eabi-gcc-13.3.1-1.1/bin/../lib/gcc/arm-none-eabi/13.3.1/../../../../arm-none-eabi/lib/thumb/v7e-m+fp/hard/libc_nano.a(libc_a-__call_atexit.o)
                0x000007b8                __call_exitprocs
 .text._free_r  0x00000874       0x94 /workspace/scratch/29e5f6cc8c13/tmp/toolchains/xpack-arm-none-eabi-gcc-13.3.1-1.1/bin/../lib/gcc/arm-none-eabi/13.3.1/../../../../arm-none-eabi/lib/thumb/v7e-m+fp/hard/libc_nano.a(libc_a-freer.o)
                0x00000874                _free_r
 .text.sbrk_aligned
                0x00000908       0x44 /workspace/scratch/29e5f6cc8c13/tmp/toolchains/xpack-arm-none-eabi-gcc-13.3.1-1.1/bin/../lib/gcc/arm-none-eabi/13.3.1/../../../../arm-none-eabi/lib/thumb/v7e-m+fp/hard/libc_nano.a(libc_a-mallocr.o)
 .text._malloc_r
                0x0000094c      0x100 /workspace/scratch/29e5f6cc8c13/tmp/toolchains/xpack-arm-none-eabi-gcc-13.3.1-1.1/bin/../lib/gcc/arm-none-eabi/13.3.1/../../../../arm-none-eabi/lib/thumb/v7e-m+fp/hard/libc_nano.a(libc_a-mallocr.o)
                0x0000094c                _malloc_r
 .text.__malloc_lock
                0x00000a4c        0xc /workspace/scratch/29e5f6cc8c13/tmp/toolchains/xpack-arm-none-eabi-gcc-13.3.1-1.1/bin/../lib/gcc/arm-none-eabi/13.3.1/../../../../arm-none-eabi/lib/thumb/v7e-m+fp/hard/libc_nano.a(libc_a-mlock.o)
                0x00000a4c                __malloc_lock
 .text.__malloc_unlock
                0x00000a58        0xc /workspace/scratch/29e5f6cc8c13/tmp/toolchains/xpack-arm-none-eabi-gcc-13.3.1-1.1/bin/../lib/gcc/arm-none-eabi/13.3.1/../../../../arm-none-eabi/lib/thumb/v7e-m+fp/hard/libc_nano.a(libc_a-mlock.o)
                0x00000a58                __malloc_unlock
 .text.__sflush_r
                0x00000a64      0x108 /workspace/scratch/29e5f6cc8c13/tmp/toolchains/xpack-arm-none-eabi-gcc-13.3.1-1.1/bin/../lib/gcc/arm-none-eabi/13.3.1/../../../../arm-none-eabi/lib/thumb/v7e-m+fp/hard/libc_nano.a(libc_a-fflush.o)
                0x00000a64                __sflush_r
 .text._sbrk_r  0x00000b6c       0x20 /workspace/scratch/29e5f6cc8c13/tmp/toolchains/xpack-arm-none-eabi-gcc-13.3.1-1.1/bin/../lib/gcc/arm-none-eabi/13.3.1/../../../../arm-none-eabi/lib/thumb/v7e-m+fp/hard/libc_nano.a(libc_a-sbrkr.o)
                0x00000b6c                _sbrk_r
 .text._close   0x00000b8c       0x10 /workspace/scratch/29e5f6cc8c13/tmp/toolchains/xpack-arm-none-eabi-gcc-13.3.1-1.1/bin/../lib/gcc/arm-none-eabi/13.3.1/../../../../arm-none-eabi/lib/thumb/v7e-m+fp/hard/libnosys.a(close.o)
                0x00000b8c                _close
 .text._lseek   0x00000b9c       0x10 /workspace/scratch/29e5f6cc8c13/tmp/toolchains/xpack-arm-none-eabi-gcc-13.3.1-1.1/bin/../lib/gcc/arm-none-eabi/13.3.1/../../../../arm-none-eabi/lib/thumb/v7e-m+fp/hard/libnosys.a(lseek.o)
                0x00000b9c                _lseek
 .text._read    0x00000bac       0x10 /workspace/scratch/29e5f6cc8c13/tmp/toolchains/xpack-arm-none-eabi-gcc-13.3.1-1.1/bin/../lib/gcc/arm-none-eabi/13.3.1/../../../../arm-none-eabi/lib/thumb/v7e-m+fp/hard/libnosys.a(read.o)
                0x00000bac                _read
 .text._sbrk    0x00000bbc       0x1c /workspace/scratch/29e5f6cc8c13/tmp/toolchains/xpack-arm-none-eabi-gcc-13.3.1-1.1/bin/../lib/gcc/arm-none-eabi/13.3.1/../../../../arm-none-eabi/lib/thumb/v7e-m+fp/hard/libnosys.a(sbrk.o)
                0x00000bbc                _sbrk
 .text._write   0x00000bd8       0x10 /workspace/scratch/29e5f6cc8c13/tmp/toolchains/xpack-arm-none-eabi-gcc-13.3.1-1.1/bin/../lib/gcc/arm-none-eabi/13.3.1/../../../../arm-none-eabi/lib/thumb/v7e-m+fp/hard/libnosys.a(write.o)
                0x00000bd8                _write
 .text._exit    0x00000be8        0x4 /workspace/scratch/29e5f6cc8c13/tmp/toolchains/xpack-arm-none-eabi-gcc-13.3.1-1.1/bin/../lib/gcc/arm-none-eabi/13.3.1/../../../../arm-none-eabi/lib/thumb/v7e-m+fp/hard/libnosys.a(_exit.o)
                0x00000be8                _exit
 .text.platform_init_stage_one
                0x00000bec       0x10 build/nrf52840/dk/obj/platform.o
                0x00000bec                platform_init_stage_one
 .text.platform_init_stage_two
                0x00000bfc       0x58 build/nrf52840/dk/obj/platform.o
                0x00000bfc                platform_init_stage_two
 .text.platform_init_stage_three
                0x00000c54        0xc build/nrf52840/dk/obj/platform.o
                0x00000c54                platform_init_stage_three
 .text.platform_idle
                0x00000c60       0x24 build/nrf52840/dk/obj/platform.o
                0x00000c60                platform_idle
 .text.configure
                0x00000c84       0x14 build/nrf52840/dk/obj/temperature-sensor.o
 .text.status   0x00000c98        0x4 build/nrf52840/dk/obj/temperature-sensor.o
 .text.value    0x00000c9c       0x58 build/nrf52840/dk/obj/temperature-sensor.o
 .text.dbg_send_bytes
                0x00000cf4       0x28 build/nrf52840/dk/obj/dbg.o
                0x00000cf4                dbg_send_bytes
 .text.rtc_handler
                0x00000d1c       0x24 build/nrf52840/dk/obj/clock.o
 .text.clock_init
                0x00000d40       0x60 build/nrf52840/dk/obj/clock.o
                0x00000d40                clock_init
 .text.clock_time
                0x00000da0        0xc build/nrf52840/dk/obj/clock.o
                0x00000da0                clock_time
 .text.clock_seconds
                0x00000dac        0xc build/nrf52840/dk/obj/clock.o
                0x00000dac                clock_seconds
 .text.rtimer_arch_init
                0x00000db8       0x64 build/nrf52840/dk/obj/rtimer-arch.o
                0x00000db8                rtimer_arch_init
 .text.rtimer_arch_schedule
                0x00000e1c        0xc build/nrf52840/dk/obj/rtimer-arch.o
                0x00000e1c                rtimer_arch_schedule
 .text.rtimer_arch_now
                0x00000e28       0x10 build/nrf52840/dk/obj/rtimer-arch.o
                0x00000e28                rtimer_arch_now
 .text.TIMER0_IRQHandler
                0x00000e38       0x24 build/nrf52840/dk/obj/rtimer-arch.o
                0x00000e38                TIMER0_IRQHandler
 .text.uart0_writeb
                0x00000e5c       0x28 build/nrf52840/dk/obj/uart0.o
                0x00000e5c                uart0_writeb
 .text.uart0_init
                0x00000e84       0x5c build/nrf52840/dk/obj/uart0.o
                0x00000e84                uart0_init
 .text.UARTE0_UART0_IRQHandler
                0x00000ee0       0x28 build/nrf52840/dk/obj/uart0.o
                0x00000ee0                UARTE0_UART0_IRQHandler
 .text.wdt_event_handler
                0x00000f08       0x14 build/nrf52840/dk/obj/watchdog.o
 .text.watchdog_init
                0x00000f1c       0x50 build/nrf52840/dk/obj/watchdog.o
                0x00000f1c                watchdog_init
 .text.watchdog_start
                0x00000f6c       0x10 build/nrf52840/dk/obj/watchdog.o
                0x00000f6c                watchdog_start
 .text.watchdog_periodic
                0x00000f7c       0x18 build/nrf52840/dk/obj/watchdog.o
                0x00000f7c                watchdog_periodic
 .text.int_master_read_and_disable
                0x00000f94        0x8 build/nrf52840/dk/obj/int-master.o
                0x00000f94                int_master_read_and_disable
 .text.int_master_status_set
                0x00000f9c        0x8 build/nrf52840/dk/obj/int-master.o
                0x00000f9c                int_master_status_set
 .text.pin_event_handler
                0x00000fa4       0x10 build/nrf52840/dk/obj/gpio-hal-arch.o
 .text.gpio_hal_arch_init
                0x00000fb4       0x14 build/nrf52840/dk/obj/gpio-hal-arch.o
                0x00000fb4                gpio_hal_arch_init
 .text.gpio_hal_arch_port_pin_cfg_set
                0x00000fc8       0x84 build/nrf52840/dk/obj/gpio-hal-arch.o
                0x00000fc8                gpio_hal_arch_port_pin_cfg_set
 .text.gpio_hal_arch_port_read_pin
                0x0000104c       0x28 build/nrf52840/dk/obj/gpio-hal-arch.o
                0x0000104c                gpio_hal_arch_port_read_pin
 .text.off      0x00001074       0x10 build/nrf52840/dk/obj/nrf52840-ieee.o
 .text.get_value
                0x00001084      0x10c build/nrf52840/dk/obj/nrf52840-ieee.o
 .text.set_object
                0x00001190        0x4 build/nrf52840/dk/obj/nrf52840-ieee.o
 .text.setup_interrupts
                0x00001194       0x90 build/nrf52840/dk/obj/nrf52840-ieee.o
 .text.receiving_packet
                0x00001224       0x64 build/nrf52840/dk/obj/nrf52840-ieee.o
 .text.pending_packet
                0x00001288       0x28 build/nrf52840/dk/obj/nrf52840-ieee.o
 .text.get_object
                0x000012b0       0x20 build/nrf52840/dk/obj/nrf52840-ieee.o
 .text.enter_rx
                0x000012d0       0x80 build/nrf52840/dk/obj/nrf52840-ieee.o
 .text.read_frame
                0x00001350       0xe0 build/nrf52840/dk/obj/nrf52840-ieee.o
 .text.prepare  0x00001430       0x48 build/nrf52840/dk/obj/nrf52840-ieee.o
 .text.configure
                0x00001478       0xa8 build/nrf52840/dk/obj/nrf52840-ieee.o
 .text.on       0x00001520       0x28 build/nrf52840/dk/obj/nrf52840-ieee.o
 .text.init     0x00001548       0x90 build/nrf52840/dk/obj/nrf52840-ieee.o
 .text.channel_clear
                0x000015d8       0x74 build/nrf52840/dk/obj/nrf52840-ieee.o
 .text.process_thread_nrf52840_ieee_rf_process
                0x0000164c       0x74 build/nrf52840/dk/obj/nrf52840-ieee.o
 .text.transmit
                0x000016c0       0xf4 build/nrf52840/dk/obj/nrf52840-ieee.o
 .text.send     0x000017b4       0x54 build/nrf52840/dk/obj/nrf52840-ieee.o
 .text.set_value
                0x00001808       0xf0 build/nrf52840/dk/obj/nrf52840-ieee.o
 .text.RADIO_IRQHandler
                0x000018f8       0x74 build/nrf52840/dk/obj/nrf52840-ieee.o
                0x000018f8                RADIO_IRQHandler
 .text.app_error_handler_bare
                0x0000196c       0x20 build/nrf52840/dk/obj/app_error.o
                0x0000196c                app_error_handler_bare
 .text.app_error_fault_handler
                0x0000198c       0x30 build/nrf52840/dk/obj/app_error_weak.o
                0x0000198c                app_error_fault_handler
 .text.app_util_critical_region_enter
                0x000019bc       0x10 build/nrf52840/dk/obj/app_util_platform.o
                0x000019bc                app_util_critical_region_enter
 .text.app_util_critical_region_exit
                0x000019cc       0x14 build/nrf52840/dk/obj/app_util_platform.o
                0x000019cc                app_util_critical_region_exit
 .text.nrfx_clock_init
                0x000019e0       0x18 build/nrf52840/dk/obj/nrfx_clock.o
                0x000019e0                nrfx_clock_init
 .text.nrfx_clock_enable
                0x000019f8       0x2c build/nrf52840/dk/obj/nrfx_clock.o
                0x000019f8                nrfx_clock_enable
 .text.nrfx_clock_lfclk_start
                0x00001a24       0x24 build/nrf52840/dk/obj/nrfx_clock.o
                0x00001a24                nrfx_clock_lfclk_start
 .text.nrfx_clock_irq_handler
                0x00001a48       0x70 build/nrf52840/dk/obj/nrfx_clock.o
                0x00001a48                nrfx_clock_irq_handler
 .text.nrfx_rtc_init
                0x00001ab8       0x8c build/nrf52840/dk/obj/nrfx_rtc.o
                0x00001ab8                nrfx_rtc_init
 .text.nrfx_rtc_enable
                0x00001b44       0x18 build/nrf52840/dk/obj/nrfx_rtc.o
                0x00001b44                nrfx_rtc_enable
 .text.nrfx_rtc_tick_enable
                0x00001b5c       0x2c build/nrf52840/dk/obj/nrfx_rtc.o
                0x00001b5c                nrfx_rtc_tick_enable
 .text.RTC0_IRQHandler
                0x00001b88       0xb0 build/nrf52840/dk/obj/nrfx_rtc.o
                0x00001b88                RTC0_IRQHandler
 .text.nrfx_gpiote_init
                0x00001c38       0x98 build/nrf52840/dk/obj/nrfx_gpiote.o
                0x00001c38                nrfx_gpiote_init
 .text.nrfx_gpiote_is_init
                0x00001cd0       0x14 build/nrf52840/dk/obj/nrfx_gpiote.o
                0x00001cd0                nrfx_gpiote_is_init
 .text.nrfx_gpiote_in_init
                0x00001ce4      0x120 build/nrf52840/dk/obj/nrfx_gpiote.o
                0x00001ce4                nrfx_gpiote_in_init
 .text.nrfx_gpiote_in_event_enable
                0x00001e04       0xe8 build/nrf52840/dk/obj/nrfx_gpiote.o
                0x00001e04                nrfx_gpiote_in_event_enable
 .text.nrfx_gpiote_in_event_disable
                0x00001eec       0x74 build/nrf52840/dk/obj/nrfx_gpiote.o
                0x00001eec                nrfx_gpiote_in_event_disable
 .text.GPIOTE_IRQHandler
                0x00001f60      0x1f4 build/nrf52840/dk/obj/nrfx_gpiote.o
                0x00001f60                GPIOTE_IRQHandler
 .text.RNG_IRQHandler
                0x00002154       0x28 build/nrf52840/dk/obj/nrfx_rng.o
                0x00002154                RNG_IRQHandler
 .text.WDT_IRQHandler
                0x0000217c       0x2c build/nrf52840/dk/obj/nrfx_wdt.o
                0x0000217c                WDT_IRQHandler
 .text.nrfx_wdt_init
                0x000021a8       0x58 build/nrf52840/dk/obj/nrfx_wdt.o
                0x000021a8                nrfx_wdt_init
 .text.nrfx_wdt_enable
                0x00002200       0x1c build/nrf52840/dk/obj/nrfx_wdt.o
                0x00002200                nrfx_wdt_enable
 .text.nrfx_wdt_channel_alloc
                0x0000221c       0x4c build/nrf52840/dk/obj/nrfx_wdt.o
                0x0000221c                nrfx_wdt_channel_alloc
 .text.nrfx_wdt_channel_feed
                0x00002268       0x18 build/nrf52840/dk/obj/nrfx_wdt.o
                0x00002268                nrfx_wdt_channel_feed
 .text.nrfx_power_irq_handler
                0x00002280      0x100 build/nrf52840/dk/obj/nrfx_power.o
                0x00002280                nrfx_power_irq_handler
 .text.POWER_CLOCK_IRQHandler
                0x00002380       0x10 build/nrf52840/dk/obj/nrfx_power.o
                0x00002380                POWER_CLOCK_IRQHandler
 .text.SystemInit
                0x00002390      0x1b4 build/nrf52840/dk/obj/system_nrf52840.o
                0x00002390                SystemInit
 .text.clock_irq_handler
                0x00002544       0x48 build/nrf52840/dk/obj/nrf_drv_clock.o
 .text.nrf_drv_clock_init
                0x0000258c       0x34 build/nrf52840/dk/obj/nrf_drv_clock.o
                0x0000258c                nrf_drv_clock_init
 .text.nrf_drv_clock_lfclk_request
                0x000025c0       0x6c build/nrf52840/dk/obj/nrf_drv_clock.o
                0x000025c0                nrf_drv_clock_lfclk_request
 .text          0x0000262c       0x3c build/nrf52840/dk/obj/gcc_startup_nrf52840.o
                0x0000262c                Reset_Handler
                0x00002654                NMI_Handler
                0x00002656                HardFault_Handler
                0x00002658                MemoryManagement_Handler
                0x0000265a                BusFault_Handler
                0x0000265c                UsageFault_Handler
                0x0000265e                SVC_Handler
                0x00002660                DebugMon_Handler
                0x00002662                PendSV_Handler
                0x00002664                SysTick_Handler
                0x00002666                TIMER2_IRQHandler
                0x00002666                SWI0_EGU0_IRQHandler
                0x00002666                SWI2_EGU2_IRQHandler
                0x00002666                PWM1_IRQHandler
                0x00002666                PDM_IRQHandler
                0x00002666                TEMP_IRQHandler
                0x00002666                QDEC_IRQHandler
                0x00002666                TIMER3_IRQHandler
                0x00002666                PWM3_IRQHandler
                0x00002666                FPU_IRQHandler
                0x00002666                USBD_IRQHandler
                0x00002666                SPIM0_SPIS0_TWIM0_TWIS0_SPI0_TWI0_IRQHandler
                0x00002666                TIMER4_IRQHandler
                0x00002666                CRYPTOCELL_IRQHandler
                0x00002666                I2S_IRQHandler
                0x00002666                SWI4_EGU4_IRQHandler
                0x00002666                UARTE1_IRQHandler
                0x00002666                TIMER1_IRQHandler
                0x00002666                SPIM3_IRQHandler
                0x00002666                PWM2_IRQHandler
                0x00002666                ECB_IRQHandler
                0x00002666                SPIM1_SPIS1_TWIM1_TWIS1_SPI1_TWI1_IRQHandler
                0x00002666                Default_Handler
                0x00002666                SAADC_IRQHandler
                0x00002666                CCM_AAR_IRQHandler
                0x00002666                SWI5_EGU5_IRQHandler
                0x00002666                RTC2_IRQHandler
                0x00002666                PWM0_IRQHandler
                0x00002666                SWI3_EGU3_IRQHandler
                0x00002666                RTC1_IRQHandler
                0x00002666                SWI1_EGU1_IRQHandler
                0x00002666                SPIM2_SPIS2_SPI2_IRQHandler
                0x00002666                NFCT_IRQHandler
                0x00002666                MWU_IRQHandler
                0x00002666                QSPI_IRQHandler
                0x00002666                COMP_LPCOMP_IRQHandler
 .text.da_db2_quantize
                0x00002668       0xe8 build/nrf52840/dk/obj/db2.o
                0x00002668                da_db2_quantize
 .text.da_gaussian_sample
                0x00002750       0xbc build/nrf52840/dk/obj/gaussian.o
                0x00002750                da_gaussian_sample
 .text.da_hmac_sha3_256
                0x0000280c       0xa0 build/nrf52840/dk/obj/hmac_sha3.o
                0x0000280c                da_hmac_sha3_256
 .text.da_linear_tags
                0x000028ac      0x12c build/nrf52840/dk/obj/linear_auth.o
                0x000028ac                da_linear_tags
 .text.da_pack_codeword
                0x000029d8       0x64 build/nrf52840/dk/obj/linear_auth.o
                0x000029d8                da_pack_codeword
 .text.multiply_add
                0x00002a3c       0x9c build/nrf52840/dk/obj/mlwe.o
 .text.da_mlwe_encrypt
                0x00002ad8      0x198 build/nrf52840/dk/obj/mlwe.o
                0x00002ad8                da_mlwe_encrypt
 .text.da_mlwe_decrypt
                0x00002c70       0xb8 build/nrf52840/dk/obj/mlwe.o
                0x00002c70                da_mlwe_decrypt
 .text.get_handler
                0x00002d28       0x44 build/nrf52840/dk/obj/resource-status.o
 .text.da_stack_watermark_init
                0x00002d6c       0x30 build/nrf52840/dk/obj/stack_watermark.o
                0x00002d6c                da_stack_watermark_init
 .text.da_stack_high_water_bytes
                0x00002d9c       0x28 build/nrf52840/dk/obj/stack_watermark.o
                0x00002d9c                da_stack_high_water_bytes
 .text.da_static_ram_bytes
                0x00002dc4        0x8 build/nrf52840/dk/obj/stack_watermark.o
                0x00002dc4                da_static_ram_bytes
 .text.KeccakF1600_StatePermute
                0x00002dcc     0x1150 build/nrf52840/dk/obj/fips202.o
 .text.keccak_absorb
                0x00003f1c      0x164 build/nrf52840/dk/obj/fips202.o
 .text.keccak_inc_absorb
                0x00004080      0x15c build/nrf52840/dk/obj/fips202.o
 .text.keccak_inc_finalize
                0x000041dc       0x5c build/nrf52840/dk/obj/fips202.o
 .text.keccak_inc_squeeze
                0x00004238      0x10c build/nrf52840/dk/obj/fips202.o
 .text.shake128_inc_absorb
                0x00004344        0xc build/nrf52840/dk/obj/fips202.o
                0x00004344                shake128_inc_absorb
 .text.shake128_inc_squeeze
                0x00004350        0x8 build/nrf52840/dk/obj/fips202.o
                0x00004350                shake128_inc_squeeze
 .text.shake128_inc_ctx_release
                0x00004358        0x4 build/nrf52840/dk/obj/fips202.o
                0x00004358                shake128_inc_ctx_release
 .text.shake256_inc_absorb
                0x0000435c        0xc build/nrf52840/dk/obj/fips202.o
                0x0000435c                shake256_inc_absorb
 .text.shake256_inc_squeeze
                0x00004368        0x8 build/nrf52840/dk/obj/fips202.o
                0x00004368                shake256_inc_squeeze
 .text.shake256_inc_ctx_release
                0x00004370        0x4 build/nrf52840/dk/obj/fips202.o
                0x00004370                shake256_inc_ctx_release
 .text.shake256
                0x00004374      0x110 build/nrf52840/dk/obj/fips202.o
                0x00004374                shake256
 .text.sha3_256_inc_absorb
                0x00004484        0xc build/nrf52840/dk/obj/fips202.o
                0x00004484                sha3_256_inc_absorb
 .text.sha3_256_inc_finalize
                0x00004490       0x6c build/nrf52840/dk/obj/fips202.o
                0x00004490                sha3_256_inc_finalize
 .text.sha3_256
                0x000044fc       0x78 build/nrf52840/dk/obj/fips202.o
                0x000044fc                sha3_256
 .text.PQCLEAN_MLDSA44_CLEAN_ntt
                0x00004574       0xc4 build/nrf52840/dk/obj/ntt.o
                0x00004574                PQCLEAN_MLDSA44_CLEAN_ntt
 .text.PQCLEAN_MLDSA44_CLEAN_invntt_tomont
                0x00004638       0xc4 build/nrf52840/dk/obj/ntt.o
                0x00004638                PQCLEAN_MLDSA44_CLEAN_invntt_tomont
 .text.PQCLEAN_MLDSA44_CLEAN_unpack_pk
                0x000046fc       0x38 build/nrf52840/dk/obj/packing.o
                0x000046fc                PQCLEAN_MLDSA44_CLEAN_unpack_pk
 .text.PQCLEAN_MLDSA44_CLEAN_unpack_sig
                0x00004734       0xdc build/nrf52840/dk/obj/packing.o
                0x00004734                PQCLEAN_MLDSA44_CLEAN_unpack_sig
 .text.rej_uniform
                0x00004810       0x44 build/nrf52840/dk/obj/poly.o
 .text.PQCLEAN_MLDSA44_CLEAN_poly_reduce
                0x00004854       0x18 build/nrf52840/dk/obj/poly.o
                0x00004854                PQCLEAN_MLDSA44_CLEAN_poly_reduce
 .text.PQCLEAN_MLDSA44_CLEAN_poly_caddq
                0x0000486c       0x18 build/nrf52840/dk/obj/poly.o
                0x0000486c                PQCLEAN_MLDSA44_CLEAN_poly_caddq
 .text.PQCLEAN_MLDSA44_CLEAN_poly_add
                0x00004884       0x28 build/nrf52840/dk/obj/poly.o
                0x00004884                PQCLEAN_MLDSA44_CLEAN_poly_add
 .text.PQCLEAN_MLDSA44_CLEAN_poly_sub
                0x000048ac       0x28 build/nrf52840/dk/obj/poly.o
                0x000048ac                PQCLEAN_MLDSA44_CLEAN_poly_sub
 .text.PQCLEAN_MLDSA44_CLEAN_poly_shiftl
                0x000048d4       0x14 build/nrf52840/dk/obj/poly.o
                0x000048d4                PQCLEAN_MLDSA44_CLEAN_poly_shiftl
 .text.PQCLEAN_MLDSA44_CLEAN_poly_ntt
                0x000048e8        0x4 build/nrf52840/dk/obj/poly.o
                0x000048e8                PQCLEAN_MLDSA44_CLEAN_poly_ntt
 .text.PQCLEAN_MLDSA44_CLEAN_poly_invntt_tomont
                0x000048ec        0x4 build/nrf52840/dk/obj/poly.o
                0x000048ec                PQCLEAN_MLDSA44_CLEAN_poly_invntt_tomont
 .text.PQCLEAN_MLDSA44_CLEAN_poly_pointwise_montgomery
                0x000048f0       0x28 build/nrf52840/dk/obj/poly.o
                0x000048f0                PQCLEAN_MLDSA44_CLEAN_poly_pointwise_montgomery
 .text.PQCLEAN_MLDSA44_CLEAN_poly_use_hint
                0x00004918       0x24 build/nrf52840/dk/obj/poly.o
                0x00004918                PQCLEAN_MLDSA44_CLEAN_poly_use_hint
 .text.PQCLEAN_MLDSA44_CLEAN_poly_chknorm
                0x0000493c       0x30 build/nrf52840/dk/obj/poly.o
                0x0000493c                PQCLEAN_MLDSA44_CLEAN_poly_chknorm
 .text.PQCLEAN_MLDSA44_CLEAN_poly_uniform
                0x0000496c       0x90 build/nrf52840/dk/obj/poly.o
                0x0000496c                PQCLEAN_MLDSA44_CLEAN_poly_uniform
 .text.PQCLEAN_MLDSA44_CLEAN_poly_challenge
                0x000049fc       0xd4 build/nrf52840/dk/obj/poly.o
                0x000049fc                PQCLEAN_MLDSA44_CLEAN_poly_challenge
 .text.PQCLEAN_MLDSA44_CLEAN_polyt1_unpack
                0x00004ad0       0x58 build/nrf52840/dk/obj/poly.o
                0x00004ad0                PQCLEAN_MLDSA44_CLEAN_polyt1_unpack
 .text.PQCLEAN_MLDSA44_CLEAN_polyz_unpack
                0x00004b28       0xa0 build/nrf52840/dk/obj/poly.o
                0x00004b28                PQCLEAN_MLDSA44_CLEAN_polyz_unpack
 .text.PQCLEAN_MLDSA44_CLEAN_polyw1_pack
                0x00004bc8       0x4c build/nrf52840/dk/obj/poly.o
                0x00004bc8                PQCLEAN_MLDSA44_CLEAN_polyw1_pack
 .text.PQCLEAN_MLDSA44_CLEAN_polyvec_matrix_expand
                0x00004c14       0x3c build/nrf52840/dk/obj/polyvec.o
                0x00004c14                PQCLEAN_MLDSA44_CLEAN_polyvec_matrix_expand
 .text.PQCLEAN_MLDSA44_CLEAN_polyvecl_ntt
                0x00004c50       0x24 build/nrf52840/dk/obj/polyvec.o
                0x00004c50                PQCLEAN_MLDSA44_CLEAN_polyvecl_ntt
 .text.PQCLEAN_MLDSA44_CLEAN_polyvecl_pointwise_acc_montgomery
                0x00004c74       0x38 build/nrf52840/dk/obj/polyvec.o
                0x00004c74                PQCLEAN_MLDSA44_CLEAN_polyvecl_pointwise_acc_montgomery
 .text.PQCLEAN_MLDSA44_CLEAN_polyvec_matrix_pointwise_montgomery
                0x00004cac       0x24 build/nrf52840/dk/obj/polyvec.o
                0x00004cac                PQCLEAN_MLDSA44_CLEAN_polyvec_matrix_pointwise_montgomery
 .text.PQCLEAN_MLDSA44_CLEAN_polyvecl_chknorm
                0x00004cd0       0x24 build/nrf52840/dk/obj/polyvec.o
                0x00004cd0                PQCLEAN_MLDSA44_CLEAN_polyvecl_chknorm
 .text.PQCLEAN_MLDSA44_CLEAN_polyveck_reduce
                0x00004cf4       0x24 build/nrf52840/dk/obj/polyvec.o
                0x00004cf4                PQCLEAN_MLDSA44_CLEAN_polyveck_reduce
 .text.PQCLEAN_MLDSA44_CLEAN_polyveck_caddq
                0x00004d18       0x24 build/nrf52840/dk/obj/polyvec.o
                0x00004d18                PQCLEAN_MLDSA44_CLEAN_polyveck_caddq
 .text.PQCLEAN_MLDSA44_CLEAN_polyveck_sub
                0x00004d3c       0x20 build/nrf52840/dk/obj/polyvec.o
                0x00004d3c                PQCLEAN_MLDSA44_CLEAN_polyveck_sub
 .text.PQCLEAN_MLDSA44_CLEAN_polyveck_shiftl
                0x00004d5c       0x24 build/nrf52840/dk/obj/polyvec.o
                0x00004d5c                PQCLEAN_MLDSA44_CLEAN_polyveck_shiftl
 .text.PQCLEAN_MLDSA44_CLEAN_polyveck_ntt
                0x00004d80       0x24 build/nrf52840/dk/obj/polyvec.o
                0x00004d80                PQCLEAN_MLDSA44_CLEAN_polyveck_ntt
 .text.PQCLEAN_MLDSA44_CLEAN_polyveck_invntt_tomont
                0x00004da4       0x24 build/nrf52840/dk/obj/polyvec.o
                0x00004da4                PQCLEAN_MLDSA44_CLEAN_polyveck_invntt_tomont
 .text.PQCLEAN_MLDSA44_CLEAN_polyveck_pointwise_poly_montgomery
                0x00004dc8       0x20 build/nrf52840/dk/obj/polyvec.o
                0x00004dc8                PQCLEAN_MLDSA44_CLEAN_polyveck_pointwise_poly_montgomery
 .text.PQCLEAN_MLDSA44_CLEAN_polyveck_use_hint
                0x00004de8       0x20 build/nrf52840/dk/obj/polyvec.o
                0x00004de8                PQCLEAN_MLDSA44_CLEAN_polyveck_use_hint
 .text.PQCLEAN_MLDSA44_CLEAN_polyveck_pack_w1
                0x00004e08       0x20 build/nrf52840/dk/obj/polyvec.o
                0x00004e08                PQCLEAN_MLDSA44_CLEAN_polyveck_pack_w1
 .text.PQCLEAN_MLDSA44_CLEAN_montgomery_reduce
                0x00004e28       0x24 build/nrf52840/dk/obj/reduce.o
                0x00004e28                PQCLEAN_MLDSA44_CLEAN_montgomery_reduce
 .text.PQCLEAN_MLDSA44_CLEAN_reduce32
                0x00004e4c       0x18 build/nrf52840/dk/obj/reduce.o
                0x00004e4c                PQCLEAN_MLDSA44_CLEAN_reduce32
 .text.PQCLEAN_MLDSA44_CLEAN_caddq
                0x00004e64       0x10 build/nrf52840/dk/obj/reduce.o
                0x00004e64                PQCLEAN_MLDSA44_CLEAN_caddq
 .text.PQCLEAN_MLDSA44_CLEAN_use_hint
                0x00004e74       0x5c build/nrf52840/dk/obj/rounding.o
                0x00004e74                PQCLEAN_MLDSA44_CLEAN_use_hint
 .text.PQCLEAN_MLDSA44_CLEAN_crypto_sign_verify_ctx
                0x00004ed0      0x1d8 build/nrf52840/dk/obj/sign.o
                0x00004ed0                PQCLEAN_MLDSA44_CLEAN_crypto_sign_verify_ctx
 .text.PQCLEAN_MLDSA44_CLEAN_crypto_sign_verify
                0x000050a8       0x18 build/nrf52840/dk/obj/sign.o
                0x000050a8                PQCLEAN_MLDSA44_CLEAN_crypto_sign_verify
 .text.PQCLEAN_MLDSA44_CLEAN_dilithium_shake128_stream_init
                0x000050c0       0x30 build/nrf52840/dk/obj/symmetric-shake.o
                0x000050c0                PQCLEAN_MLDSA44_CLEAN_dilithium_shake128_stream_init
 .text.process_callback
                0x000050f0       0x44 build/nrf52840/dk/obj/coap-engine.o
 .text.coap_call_handlers
                0x00005134       0x58 build/nrf52840/dk/obj/coap-engine.o
                0x00005134                coap_call_handlers
 .text.coap_receive
                0x0000518c      0x414 build/nrf52840/dk/obj/coap-engine.o
                0x0000518c                coap_receive
 .text.coap_activate_resource
                0x000055a0       0x44 build/nrf52840/dk/obj/coap-engine.o
                0x000055a0                coap_activate_resource
 .text.coap_engine_init
                0x000055e4       0x44 build/nrf52840/dk/obj/coap-engine.o
                0x000055e4                coap_engine_init
 .text.coap_get_first_resource
                0x00005628        0xc build/nrf52840/dk/obj/coap-engine.o
                0x00005628                coap_get_first_resource
 .text.coap_get_next_resource
                0x00005634        0x4 build/nrf52840/dk/obj/coap-engine.o
                0x00005634                coap_get_next_resource
 .text.coap_remove_observer_by_client
                0x00005638       0x5c build/nrf52840/dk/obj/coap-observe.o
                0x00005638                coap_remove_observer_by_client
 .text.coap_remove_observer_by_token
                0x00005694       0x70 build/nrf52840/dk/obj/coap-observe.o
                0x00005694                coap_remove_observer_by_token
 .text.coap_remove_observer_by_uri
                0x00005704       0x84 build/nrf52840/dk/obj/coap-observe.o
                0x00005704                coap_remove_observer_by_uri
 .text.coap_remove_observer_by_mid
                0x00005788       0x50 build/nrf52840/dk/obj/coap-observe.o
                0x00005788                coap_remove_observer_by_mid
 .text.coap_observe_handler
                0x000057d8       0xdc build/nrf52840/dk/obj/coap-observe.o
                0x000057d8                coap_observe_handler
 .text.well_known_core_get_handler
                0x000058b4      0x1a0 build/nrf52840/dk/obj/coap-res-well-known-core.o
 .text.update   0x00005a54        0xc build/nrf52840/dk/obj/coap-timer-default.o
 .text.process_thread_coap_timer_process
                0x00005a60       0x90 build/nrf52840/dk/obj/coap-timer-default.o
 .text.uptime   0x00005af0       0x40 build/nrf52840/dk/obj/coap-timer-default.o
 .text.init     0x00005b30        0xc build/nrf52840/dk/obj/coap-timer-default.o
 .text.add_timer
                0x00005b3c       0x98 build/nrf52840/dk/obj/coap-timer.o
 .text.coap_timer_stop
                0x00005bd4       0x28 build/nrf52840/dk/obj/coap-timer.o
                0x00005bd4                coap_timer_stop
 .text.coap_timer_set
                0x00005bfc       0x28 build/nrf52840/dk/obj/coap-timer.o
                0x00005bfc                coap_timer_set
 .text.coap_timer_time_to_next_expiration
                0x00005c24       0x3c build/nrf52840/dk/obj/coap-timer.o
                0x00005c24                coap_timer_time_to_next_expiration
 .text.coap_timer_run
                0x00005c60       0x64 build/nrf52840/dk/obj/coap-timer.o
                0x00005c60                coap_timer_run
 .text.coap_new_transaction
                0x00005cc4       0x34 build/nrf52840/dk/obj/coap-transactions.o
                0x00005cc4                coap_new_transaction
 .text.coap_send_transaction
                0x00005cf8       0xd0 build/nrf52840/dk/obj/coap-transactions.o
                0x00005cf8                coap_send_transaction
 .text.coap_retransmit_transaction
                0x00005dc8       0x14 build/nrf52840/dk/obj/coap-transactions.o
 .text.coap_clear_transaction
                0x00005ddc       0x2c build/nrf52840/dk/obj/coap-transactions.o
                0x00005ddc                coap_clear_transaction
 .text.coap_get_transaction_by_mid
                0x00005e08       0x20 build/nrf52840/dk/obj/coap-transactions.o
                0x00005e08                coap_get_transaction_by_mid
 .text.process_thread_coap_engine
                0x00005e28       0x90 build/nrf52840/dk/obj/coap-uip.o
 .text.coap_endpoint_copy
                0x00005eb8       0x28 build/nrf52840/dk/obj/coap-uip.o
                0x00005eb8                coap_endpoint_copy
 .text.coap_endpoint_cmp
                0x00005ee0       0x2c build/nrf52840/dk/obj/coap-uip.o
                0x00005ee0                coap_endpoint_cmp
 .text.coap_transport_init
                0x00005f0c        0xc build/nrf52840/dk/obj/coap-uip.o
                0x00005f0c                coap_transport_init
 .text.coap_sendto
                0x00005f18       0x48 build/nrf52840/dk/obj/coap-uip.o
                0x00005f18                coap_sendto
 .text.coap_set_option_header
                0x00005f60       0xec build/nrf52840/dk/obj/coap.o
 .text.coap_serialize_int_option
                0x0000604c       0x60 build/nrf52840/dk/obj/coap.o
 .text.coap_serialize_array_option.part.0
                0x000060ac       0x7c build/nrf52840/dk/obj/coap.o
 .text.coap_init_connection
                0x00006128       0x10 build/nrf52840/dk/obj/coap.o
                0x00006128                coap_init_connection
 .text.coap_get_mid
                0x00006138       0x10 build/nrf52840/dk/obj/coap.o
                0x00006138                coap_get_mid
 .text.coap_init_message
                0x00006148       0x1c build/nrf52840/dk/obj/coap.o
                0x00006148                coap_init_message
 .text.coap_serialize_message
                0x00006164      0x32c build/nrf52840/dk/obj/coap.o
                0x00006164                coap_serialize_message
 .text.coap_parse_message
                0x00006490      0x46c build/nrf52840/dk/obj/coap.o
                0x00006490                coap_parse_message
 .text.coap_set_status_code
                0x000068fc        0xc build/nrf52840/dk/obj/coap.o
                0x000068fc                coap_set_status_code
 .text.coap_set_token
                0x00006908       0x18 build/nrf52840/dk/obj/coap.o
                0x00006908                coap_set_token
 .text.coap_set_header_content_format
                0x00006920       0x10 build/nrf52840/dk/obj/coap.o
                0x00006920                coap_set_header_content_format
 .text.coap_get_header_uri_path
                0x00006930       0x14 build/nrf52840/dk/obj/coap.o
                0x00006930                coap_get_header_uri_path
 .text.coap_set_header_observe
                0x00006944       0x10 build/nrf52840/dk/obj/coap.o
                0x00006944                coap_set_header_observe
 .text.coap_get_header_block2
                0x00006954       0x38 build/nrf52840/dk/obj/coap.o
                0x00006954                coap_get_header_block2
 .text.coap_set_header_block2
                0x0000698c       0x34 build/nrf52840/dk/obj/coap.o
                0x0000698c                coap_set_header_block2
 .text.coap_set_payload
                0x000069c0       0x14 build/nrf52840/dk/obj/coap.o
                0x000069c0                coap_set_payload
 .text.startup.main
                0x000069d4      0x1f8 build/nrf52840/dk/obj/contiki-main.o
                0x000069d4                main
 .text.autostart_start
                0x00006bcc       0x18 build/nrf52840/dk/obj/autostart.o
                0x00006bcc                autostart_start
 .text.process_thread_ctimer_process
                0x00006be4       0x90 build/nrf52840/dk/obj/ctimer.o
 .text.ctimer_init
                0x00006c74       0x28 build/nrf52840/dk/obj/ctimer.o
                0x00006c74                ctimer_init
 .text.ctimer_set
                0x00006c9c       0x4c build/nrf52840/dk/obj/ctimer.o
                0x00006c9c                ctimer_set
 .text.ctimer_reset
                0x00006ce8       0x44 build/nrf52840/dk/obj/ctimer.o
                0x00006ce8                ctimer_reset
 .text.ctimer_stop
                0x00006d2c       0x34 build/nrf52840/dk/obj/ctimer.o
                0x00006d2c                ctimer_stop
 .text.ctimer_expired
                0x00006d60       0x3c build/nrf52840/dk/obj/ctimer.o
                0x00006d60                ctimer_expired
 .text.energest_init
                0x00006d9c        0x4 build/nrf52840/dk/obj/energest.o
                0x00006d9c                energest_init
 .text.update_time.part.0
                0x00006da0       0x3c build/nrf52840/dk/obj/etimer.o
 .text.process_thread_etimer_process
                0x00006ddc       0xd4 build/nrf52840/dk/obj/etimer.o
 .text.add_timer
                0x00006eb0       0x68 build/nrf52840/dk/obj/etimer.o
 .text.etimer_request_poll
                0x00006f18        0xc build/nrf52840/dk/obj/etimer.o
                0x00006f18                etimer_request_poll
 .text.etimer_set
                0x00006f24       0x14 build/nrf52840/dk/obj/etimer.o
                0x00006f24                etimer_set
 .text.etimer_reset
                0x00006f38       0x14 build/nrf52840/dk/obj/etimer.o
                0x00006f38                etimer_reset
 .text.etimer_expired
                0x00006f4c        0xc build/nrf52840/dk/obj/etimer.o
                0x00006f4c                etimer_expired
 .text.etimer_pending
                0x00006f58       0x10 build/nrf52840/dk/obj/etimer.o
                0x00006f58                etimer_pending
 .text.etimer_stop
                0x00006f68       0x54 build/nrf52840/dk/obj/etimer.o
                0x00006f68                etimer_stop
 .text.log_6addr
                0x00006fbc       0x20 build/nrf52840/dk/obj/log.o
                0x00006fbc                log_6addr
 .text.log_lladdr
                0x00006fdc       0x48 build/nrf52840/dk/obj/log.o
                0x00006fdc                log_lladdr
 .text.node_id_init
                0x00007024       0x14 build/nrf52840/dk/obj/node-id.o
                0x00007024                node_id_init
 .text.exit_process
                0x00007038       0xd0 build/nrf52840/dk/obj/process.o
 .text.call_process.part.0
                0x00007108       0x38 build/nrf52840/dk/obj/process.o
 .text.do_poll  0x00007140       0x5c build/nrf52840/dk/obj/process.o
 .text.process_alloc_event
                0x0000719c       0x10 build/nrf52840/dk/obj/process.o
                0x0000719c                process_alloc_event
 .text.process_start
                0x000071ac       0x64 build/nrf52840/dk/obj/process.o
                0x000071ac                process_start
 .text.process_init
                0x00007210       0x38 build/nrf52840/dk/obj/process.o
                0x00007210                process_init
 .text.process_run
                0x00007248       0xd4 build/nrf52840/dk/obj/process.o
                0x00007248                process_run
 .text.process_nevents
                0x0000731c       0x14 build/nrf52840/dk/obj/process.o
                0x0000731c                process_nevents
 .text.process_post
                0x00007330       0x4c build/nrf52840/dk/obj/process.o
                0x00007330                process_post
 .text.process_post_synch
                0x0000737c       0x18 build/nrf52840/dk/obj/process.o
                0x0000737c                process_post_synch
 .text.process_poll
                0x00007394       0x1c build/nrf52840/dk/obj/process.o
                0x00007394                process_poll
 .text.rtimer_init
                0x000073b0        0x4 build/nrf52840/dk/obj/rtimer.o
                0x000073b0                rtimer_init
 .text.rtimer_run_next
                0x000073b4       0x28 build/nrf52840/dk/obj/rtimer.o
                0x000073b4                rtimer_run_next
 .text.stack_check_init
                0x000073dc       0x28 build/nrf52840/dk/obj/stack-check.o
                0x000073dc                stack_check_init
 .text.stack_check_get_usage
                0x00007404       0x54 build/nrf52840/dk/obj/stack-check.o
                0x00007404                stack_check_get_usage
 .text.process_thread_stack_check_process
                0x00007458       0xac build/nrf52840/dk/obj/stack-check.o
 .text.stimer_set
                0x00007504       0x10 build/nrf52840/dk/obj/stimer.o
                0x00007504                stimer_set
 .text.stimer_expired
                0x00007514       0x20 build/nrf52840/dk/obj/stimer.o
                0x00007514                stimer_expired
 .text.timer_set
                0x00007534       0x10 build/nrf52840/dk/obj/timer.o
                0x00007534                timer_set
 .text.timer_reset
                0x00007544       0x1c build/nrf52840/dk/obj/timer.o
                0x00007544                timer_reset
 .text.timer_expired
                0x00007560       0x1c build/nrf52840/dk/obj/timer.o
                0x00007560                timer_expired
 .text.list_init
                0x0000757c        0x8 build/nrf52840/dk/obj/list.o
                0x0000757c                list_init
 .text.list_head
                0x00007584        0x4 build/nrf52840/dk/obj/list.o
                0x00007584                list_head
 .text.list_add
                0x00007588       0x60 build/nrf52840/dk/obj/list.o
                0x00007588                list_add
 .text.list_push
                0x000075e8       0x40 build/nrf52840/dk/obj/list.o
                0x000075e8                list_push
 .text.list_remove
                0x00007628       0x2c build/nrf52840/dk/obj/list.o
                0x00007628                list_remove
 .text.list_length
                0x00007654       0x14 build/nrf52840/dk/obj/list.o
                0x00007654                list_length
 .text.list_insert
                0x00007668       0x70 build/nrf52840/dk/obj/list.o
                0x00007668                list_insert
 .text.list_item_next
                0x000076d8        0x8 build/nrf52840/dk/obj/list.o
                0x000076d8                list_item_next
 .text.memb_init
                0x000076e0       0x24 build/nrf52840/dk/obj/memb.o
                0x000076e0                memb_init
 .text.memb_alloc
                0x00007704       0x38 build/nrf52840/dk/obj/memb.o
                0x00007704                memb_alloc
 .text.memb_free
                0x0000773c       0x40 build/nrf52840/dk/obj/memb.o
                0x0000773c                memb_free
 .text.memb_inmemb
                0x0000777c       0x1c build/nrf52840/dk/obj/memb.o
                0x0000777c                memb_inmemb
 .text.memb_numfree
                0x00007798       0x1c build/nrf52840/dk/obj/memb.o
                0x00007798                memb_numfree
 .text.random_rand
                0x000077b4        0xc build/nrf52840/dk/obj/random.o
                0x000077b4                random_rand
 .text.random_init
                0x000077c0       0x40 build/nrf52840/dk/obj/random.o
                0x000077c0                random_init
 .text.ringbuf_init
                0x00007800       0x10 build/nrf52840/dk/obj/ringbuf.o
                0x00007800                ringbuf_init
 .text.ringbuf_get
                0x00007810       0x24 build/nrf52840/dk/obj/ringbuf.o
                0x00007810                ringbuf_get
 .text.process_thread_sensors_process
                0x00007834       0xe8 build/nrf52840/dk/obj/sensors.o
 .text.duration_exceeded_callback
                0x0000791c       0x34 build/nrf52840/dk/obj/button-hal.o
 .text.process_thread_button_hal_process
                0x00007950       0x94 build/nrf52840/dk/obj/button-hal.o
 .text.press_release_handler
                0x000079e4       0x30 build/nrf52840/dk/obj/button-hal.o
 .text.debounce_handler
                0x00007a14       0x78 build/nrf52840/dk/obj/button-hal.o
 .text.button_hal_init
                0x00007a8c       0xe8 build/nrf52840/dk/obj/button-hal.o
                0x00007a8c                button_hal_init
 .text.gpio_hal_register_handler
                0x00007b74        0xc build/nrf52840/dk/obj/gpio-hal.o
                0x00007b74                gpio_hal_register_handler
 .text.gpio_hal_event_handler
                0x00007b80       0x3c build/nrf52840/dk/obj/gpio-hal.o
                0x00007b80                gpio_hal_event_handler
 .text.gpio_hal_init
                0x00007bbc       0x14 build/nrf52840/dk/obj/gpio-hal.o
                0x00007bbc                gpio_hal_init
 .text.leds_off
                0x00007bd0       0x8c build/nrf52840/dk/obj/leds.o
                0x00007bd0                leds_off
 .text.leds_init
                0x00007c5c       0x48 build/nrf52840/dk/obj/leds.o
                0x00007c5c                leds_init
 .text.process_thread_serial_line_process
                0x00007ca4       0xa0 build/nrf52840/dk/obj/serial-line.o
 .text.serial_line_init
                0x00007d44       0x24 build/nrf52840/dk/obj/serial-line.o
                0x00007d44                serial_line_init
 .text.periodic
                0x00007d68       0x30 build/nrf52840/dk/obj/link-stats.o
 .text.link_stats_from_lladdr
                0x00007d98        0xc build/nrf52840/dk/obj/link-stats.o
                0x00007d98                link_stats_from_lladdr
 .text.link_stats_is_fresh
                0x00007da4       0x28 build/nrf52840/dk/obj/link-stats.o
                0x00007da4                link_stats_is_fresh
 .text.link_stats_packet_sent
                0x00007dcc       0xbc build/nrf52840/dk/obj/link-stats.o
                0x00007dcc                link_stats_packet_sent
 .text.link_stats_input_callback
                0x00007e88       0xa8 build/nrf52840/dk/obj/link-stats.o
                0x00007e88                link_stats_input_callback
 .text.link_stats_reset
                0x00007f30       0x2c build/nrf52840/dk/obj/link-stats.o
                0x00007f30                link_stats_reset
 .text.link_stats_init
                0x00007f5c       0x28 build/nrf52840/dk/obj/link-stats.o
                0x00007f5c                link_stats_init
 .text.linkaddr_copy
                0x00007f84        0x8 build/nrf52840/dk/obj/linkaddr.o
                0x00007f84                linkaddr_copy
 .text.linkaddr_cmp
                0x00007f8c       0x10 build/nrf52840/dk/obj/linkaddr.o
                0x00007f8c                linkaddr_cmp
 .text.index_from_lladdr
                0x00007f9c       0x58 build/nrf52840/dk/obj/nbr-table.o
 .text.select_for_removal.isra.0
                0x00007ff4       0x74 build/nrf52840/dk/obj/nbr-table.o
 .text.remove_key
                0x00008068       0xac build/nrf52840/dk/obj/nbr-table.o
 .text.nbr_table_register
                0x00008114       0x44 build/nrf52840/dk/obj/nbr-table.o
                0x00008114                nbr_table_register
 .text.nbr_table_next
                0x00008158       0x70 build/nrf52840/dk/obj/nbr-table.o
                0x00008158                nbr_table_next
 .text.nbr_table_head
                0x000081c8       0x58 build/nrf52840/dk/obj/nbr-table.o
                0x000081c8                nbr_table_head
 .text.nbr_table_get_from_lladdr
                0x00008220       0x38 build/nrf52840/dk/obj/nbr-table.o
                0x00008220                nbr_table_get_from_lladdr
 .text.nbr_table_add_lladdr
                0x00008258      0x10c build/nrf52840/dk/obj/nbr-table.o
                0x00008258                nbr_table_add_lladdr
 .text.nbr_table_remove
                0x00008364       0x58 build/nrf52840/dk/obj/nbr-table.o
                0x00008364                nbr_table_remove
 .text.nbr_table_lock
                0x000083bc       0x30 build/nrf52840/dk/obj/nbr-table.o
                0x000083bc                nbr_table_lock
 .text.nbr_table_unlock
                0x000083ec       0x38 build/nrf52840/dk/obj/nbr-table.o
                0x000083ec                nbr_table_unlock
 .text.nbr_table_get_lladdr
                0x00008424       0x2c build/nrf52840/dk/obj/nbr-table.o
                0x00008424                nbr_table_get_lladdr
 .text.netstack_process_ip_callback
                0x00008450       0x68 build/nrf52840/dk/obj/netstack.o
                0x00008450                netstack_process_ip_callback
 .text.netstack_init
                0x000084b8       0x24 build/nrf52840/dk/obj/netstack.o
                0x000084b8                netstack_init
 .text.packetbuf_clear
                0x000084dc       0x4c build/nrf52840/dk/obj/packetbuf.o
                0x000084dc                packetbuf_clear
 .text.packetbuf_copyfrom
                0x00008528       0x6c build/nrf52840/dk/obj/packetbuf.o
                0x00008528                packetbuf_copyfrom
 .text.packetbuf_copyto
                0x00008594       0x4c build/nrf52840/dk/obj/packetbuf.o
                0x00008594                packetbuf_copyto
 .text.packetbuf_hdralloc
                0x000085e0       0x60 build/nrf52840/dk/obj/packetbuf.o
                0x000085e0                packetbuf_hdralloc
 .text.packetbuf_hdrreduce
                0x00008640       0x28 build/nrf52840/dk/obj/packetbuf.o
                0x00008640                packetbuf_hdrreduce
 .text.packetbuf_set_datalen
                0x00008668        0xc build/nrf52840/dk/obj/packetbuf.o
                0x00008668                packetbuf_set_datalen
 .text.packetbuf_dataptr
                0x00008674       0x20 build/nrf52840/dk/obj/packetbuf.o
                0x00008674                packetbuf_dataptr
 .text.packetbuf_hdrptr
                0x00008694        0x8 build/nrf52840/dk/obj/packetbuf.o
                0x00008694                packetbuf_hdrptr
 .text.packetbuf_datalen
                0x0000869c        0xc build/nrf52840/dk/obj/packetbuf.o
                0x0000869c                packetbuf_datalen
 .text.packetbuf_totlen
                0x000086a8       0x24 build/nrf52840/dk/obj/packetbuf.o
                0x000086a8                packetbuf_totlen
 .text.packetbuf_attr_copyto
                0x000086cc       0x24 build/nrf52840/dk/obj/packetbuf.o
                0x000086cc                packetbuf_attr_copyto
 .text.packetbuf_attr_copyfrom
                0x000086f0       0x28 build/nrf52840/dk/obj/packetbuf.o
                0x000086f0                packetbuf_attr_copyfrom
 .text.packetbuf_set_attr
                0x00008718       0x10 build/nrf52840/dk/obj/packetbuf.o
                0x00008718                packetbuf_set_attr
 .text.packetbuf_attr
                0x00008728        0xc build/nrf52840/dk/obj/packetbuf.o
                0x00008728                packetbuf_attr
 .text.packetbuf_set_addr
                0x00008734       0x18 build/nrf52840/dk/obj/packetbuf.o
                0x00008734                packetbuf_set_addr
 .text.packetbuf_addr
                0x0000874c       0x10 build/nrf52840/dk/obj/packetbuf.o
                0x0000874c                packetbuf_addr
 .text.packetbuf_holds_broadcast
                0x0000875c       0x10 build/nrf52840/dk/obj/packetbuf.o
                0x0000875c                packetbuf_holds_broadcast
 .text.queuebuf_init
                0x0000876c       0x1c build/nrf52840/dk/obj/queuebuf.o
                0x0000876c                queuebuf_init
 .text.queuebuf_numfree
                0x00008788        0xc build/nrf52840/dk/obj/queuebuf.o
                0x00008788                queuebuf_numfree
 .text.queuebuf_new_from_packetbuf
                0x00008794       0x44 build/nrf52840/dk/obj/queuebuf.o
                0x00008794                queuebuf_new_from_packetbuf
 .text.queuebuf_update_attr_from_packetbuf
                0x000087d8        0xc build/nrf52840/dk/obj/queuebuf.o
                0x000087d8                queuebuf_update_attr_from_packetbuf
 .text.queuebuf_free
                0x000087e4       0x2c build/nrf52840/dk/obj/queuebuf.o
                0x000087e4                queuebuf_free
 .text.queuebuf_to_packetbuf
                0x00008810       0x30 build/nrf52840/dk/obj/queuebuf.o
                0x00008810                queuebuf_to_packetbuf
 .text.mac_sequence_is_duplicate
                0x00008840       0x50 build/nrf52840/dk/obj/mac-sequence.o
                0x00008840                mac_sequence_is_duplicate
 .text.mac_sequence_register_seqno
                0x00008890       0x64 build/nrf52840/dk/obj/mac-sequence.o
                0x00008890                mac_sequence_register_seqno
 .text.mac_call_sent_callback
                0x000088f4       0x10 build/nrf52840/dk/obj/mac.o
                0x000088f4                mac_call_sent_callback
 .text.frame802154_get_pan_id
                0x00008904        0xc build/nrf52840/dk/obj/frame802154.o
                0x00008904                frame802154_get_pan_id
 .text.frame802154_has_panid
                0x00008910       0xd8 build/nrf52840/dk/obj/frame802154.o
                0x00008910                frame802154_has_panid
 .text.field_len
                0x000089e8       0x94 build/nrf52840/dk/obj/frame802154.o
 .text.frame802154_is_broadcast_addr
                0x00008a7c       0x20 build/nrf52840/dk/obj/frame802154.o
                0x00008a7c                frame802154_is_broadcast_addr
 .text.frame802154_hdrlen
                0x00008a9c       0x34 build/nrf52840/dk/obj/frame802154.o
                0x00008a9c                frame802154_hdrlen
 .text.frame802154_create_fcf
                0x00008ad0       0x6c build/nrf52840/dk/obj/frame802154.o
                0x00008ad0                frame802154_create_fcf
 .text.frame802154_create
                0x00008b3c       0xb0 build/nrf52840/dk/obj/frame802154.o
                0x00008b3c                frame802154_create
 .text.frame802154_parse_fcf
                0x00008bec       0x6c build/nrf52840/dk/obj/frame802154.o
                0x00008bec                frame802154_parse_fcf
 .text.frame802154_parse
                0x00008c58      0x11c build/nrf52840/dk/obj/frame802154.o
                0x00008c58                frame802154_parse
 .text.parse    0x00008d74       0xd4 build/nrf52840/dk/obj/framer-802154.o
 .text.framer_802154_setup_params.part.0
                0x00008e48       0x74 build/nrf52840/dk/obj/framer-802154.o
 .text.create_frame
                0x00008ebc      0x10c build/nrf52840/dk/obj/framer-802154.o
 .text.create   0x00008fc8        0x8 build/nrf52840/dk/obj/framer-802154.o
 .text.hdr_length
                0x00008fd0        0x8 build/nrf52840/dk/obj/framer-802154.o
 .text.write_str
                0x00008fd8       0x14 build/nrf52840/dk/obj/printf.o
 .text.printf   0x00008fec       0x24 build/nrf52840/dk/obj/printf.o
                0x00008fec                printf
 .text.buffer_str
                0x00009010       0x28 build/nrf52840/dk/obj/snprintf.o
 .text.snprintf
                0x00009038       0x3c build/nrf52840/dk/obj/snprintf.o
                0x00009038                snprintf
 .text.fill_space
                0x00009074       0x3c build/nrf52840/dk/obj/strformat.o
 .text.format_str_v
                0x000090b0      0x868 build/nrf52840/dk/obj/strformat.o
                0x000090b0                format_str_v
 .text.tx_done  0x00009918       0xb0 build/nrf52840/dk/obj/csma-output.o
 .text.transmit_from_queue
                0x000099c8      0x274 build/nrf52840/dk/obj/csma-output.o
 .text.csma_output_packet
                0x00009c3c      0x22c build/nrf52840/dk/obj/csma-output.o
                0x00009c3c                csma_output_packet
 .text.csma_output_init
                0x00009e68       0x24 build/nrf52840/dk/obj/csma-output.o
                0x00009e68                csma_output_init
 .text.csma_security_create_frame
                0x00009e8c       0x18 build/nrf52840/dk/obj/csma-security.o
                0x00009e8c                csma_security_create_frame
 .text.csma_security_parse_frame
                0x00009ea4        0xc build/nrf52840/dk/obj/csma-security.o
                0x00009ea4                csma_security_parse_frame
 .text.on       0x00009eb0        0xc build/nrf52840/dk/obj/csma.o
 .text.off      0x00009ebc        0xc build/nrf52840/dk/obj/csma.o
 .text.send_packet
                0x00009ec8        0x4 build/nrf52840/dk/obj/csma.o
 .text.init     0x00009ecc       0xac build/nrf52840/dk/obj/csma.o
 .text.max_payload
                0x00009f78       0x6c build/nrf52840/dk/obj/csma.o
 .text.input_packet
                0x00009fe4      0x16c build/nrf52840/dk/obj/csma.o
 .text.sicslowpan_init
                0x0000a150       0x10 build/nrf52840/dk/obj/sicslowpan.o
                0x0000a150                sicslowpan_init
 .text.set_packet_attrs
                0x0000a160       0x74 build/nrf52840/dk/obj/sicslowpan.o
 .text.compress_addr_64
                0x0000a1d4       0x9c build/nrf52840/dk/obj/sicslowpan.o
 .text.packet_sent
                0x0000a270       0x5c build/nrf52840/dk/obj/sicslowpan.o
 .text.store_fragment
                0x0000a2cc       0x64 build/nrf52840/dk/obj/sicslowpan.o
 .text.uncompress_addr
                0x0000a330       0xe4 build/nrf52840/dk/obj/sicslowpan.o
 .text.fragment_copy_payload_and_send
                0x0000a414       0x84 build/nrf52840/dk/obj/sicslowpan.o
 .text.output   0x0000a498      0x7dc build/nrf52840/dk/obj/sicslowpan.o
 .text.add_fragment
                0x0000ac74      0x1a4 build/nrf52840/dk/obj/sicslowpan.o
 .text.input    0x0000ae18      0x920 build/nrf52840/dk/obj/sicslowpan.o
 .text.udp_new  0x0000b738       0x18 build/nrf52840/dk/obj/tcpip.o
                0x0000b738                udp_new
 .text.tcpip_input
                0x0000b750       0x2c build/nrf52840/dk/obj/tcpip.o
                0x0000b750                tcpip_input
 .text.tcpip_ipv6_output
                0x0000b77c      0x11c build/nrf52840/dk/obj/tcpip.o
                0x0000b77c                tcpip_ipv6_output
 .text.process_thread_tcpip_process
                0x0000b898       0xd8 build/nrf52840/dk/obj/tcpip.o
 .text.tcpip_uipcall
                0x0000b970       0x2c build/nrf52840/dk/obj/tcpip.o
                0x0000b970                tcpip_uipcall
 .text.uip_ds6_nbr_rm
                0x0000b99c       0x24 build/nrf52840/dk/obj/uip-ds6-nbr.o
                0x0000b99c                uip_ds6_nbr_rm
 .text.uip_ds6_neighbors_init
                0x0000b9c0       0x1c build/nrf52840/dk/obj/uip-ds6-nbr.o
                0x0000b9c0                uip_ds6_neighbors_init
 .text.uip_ds6_nbr_add
                0x0000b9dc       0x40 build/nrf52840/dk/obj/uip-ds6-nbr.o
                0x0000b9dc                uip_ds6_nbr_add
 .text.uip_ds6_nbr_update_ll
                0x0000ba1c      0x120 build/nrf52840/dk/obj/uip-ds6-nbr.o
                0x0000ba1c                uip_ds6_nbr_update_ll
 .text.uip_ds6_nbr_get_ll
                0x0000bb3c        0xc build/nrf52840/dk/obj/uip-ds6-nbr.o
                0x0000bb3c                uip_ds6_nbr_get_ll
 .text.uip_ds6_nbr_lookup
                0x0000bb48       0x3c build/nrf52840/dk/obj/uip-ds6-nbr.o
                0x0000bb48                uip_ds6_nbr_lookup
 .text.uip_ds6_nbr_ipaddr_from_lladdr
                0x0000bb84        0xc build/nrf52840/dk/obj/uip-ds6-nbr.o
                0x0000bb84                uip_ds6_nbr_ipaddr_from_lladdr
 .text.uip_ds6_nbr_lladdr_from_ipaddr
                0x0000bb90       0x1c build/nrf52840/dk/obj/uip-ds6-nbr.o
                0x0000bb90                uip_ds6_nbr_lladdr_from_ipaddr
 .text.uip_ds6_link_callback
                0x0000bbac        0x4 build/nrf52840/dk/obj/uip-ds6-nbr.o
                0x0000bbac                uip_ds6_link_callback
 .text.call_route_callback
                0x0000bbb0       0x54 build/nrf52840/dk/obj/uip-ds6-route.o
 .text.uip_ds6_route_rm.part.0
                0x0000bc04       0xc0 build/nrf52840/dk/obj/uip-ds6-route.o
 .text.rm_routelist
                0x0000bcc4       0x38 build/nrf52840/dk/obj/uip-ds6-route.o
 .text.rm_routelist_callback
                0x0000bcfc        0x4 build/nrf52840/dk/obj/uip-ds6-route.o
 .text.uip_ds6_route_init
                0x0000bd00       0x4c build/nrf52840/dk/obj/uip-ds6-route.o
                0x0000bd00                uip_ds6_route_init
 .text.uip_ds6_route_nexthop
                0x0000bd4c       0x1c build/nrf52840/dk/obj/uip-ds6-route.o
                0x0000bd4c                uip_ds6_route_nexthop
 .text.uip_ds6_route_lookup
                0x0000bd68       0x9c build/nrf52840/dk/obj/uip-ds6-route.o
                0x0000bd68                uip_ds6_route_lookup
 .text.uip_ds6_route_rm
                0x0000be04        0xc build/nrf52840/dk/obj/uip-ds6-route.o
                0x0000be04                uip_ds6_route_rm
 .text.uip_ds6_defrt_rm
                0x0000be10       0x48 build/nrf52840/dk/obj/uip-ds6-route.o
                0x0000be10                uip_ds6_defrt_rm
 .text.uip_ds6_defrt_lookup
                0x0000be58       0x38 build/nrf52840/dk/obj/uip-ds6-route.o
                0x0000be58                uip_ds6_defrt_lookup
 .text.uip_ds6_defrt_add
                0x0000be90       0xac build/nrf52840/dk/obj/uip-ds6-route.o
                0x0000be90                uip_ds6_defrt_add
 .text.uip_ds6_defrt_choose
                0x0000bf3c       0x34 build/nrf52840/dk/obj/uip-ds6-route.o
                0x0000bf3c                uip_ds6_defrt_choose
 .text.uip_ds6_defrt_periodic
                0x0000bf70       0x44 build/nrf52840/dk/obj/uip-ds6-route.o
                0x0000bf70                uip_ds6_defrt_periodic
 .text.uip_ds6_addr_rm.part.0
                0x0000bfb4       0x84 build/nrf52840/dk/obj/uip-ds6.o
 .text.uip_ds6_default_prefix
                0x0000c038        0x8 build/nrf52840/dk/obj/uip-ds6.o
                0x0000c038                uip_ds6_default_prefix
 .text.uip_ds6_periodic
                0x0000c040       0x58 build/nrf52840/dk/obj/uip-ds6.o
                0x0000c040                uip_ds6_periodic
 .text.uip_ds6_prefix_add
                0x0000c098       0x9c build/nrf52840/dk/obj/uip-ds6.o
                0x0000c098                uip_ds6_prefix_add
 .text.uip_ds6_is_addr_onlink
                0x0000c134       0x44 build/nrf52840/dk/obj/uip-ds6.o
                0x0000c134                uip_ds6_is_addr_onlink
 .text.uip_ds6_addr_rm
                0x0000c178        0x8 build/nrf52840/dk/obj/uip-ds6.o
                0x0000c178                uip_ds6_addr_rm
 .text.uip_ds6_addr_lookup
                0x0000c180       0x50 build/nrf52840/dk/obj/uip-ds6.o
                0x0000c180                uip_ds6_addr_lookup
 .text.uip_ds6_get_link_local
                0x0000c1d0       0x54 build/nrf52840/dk/obj/uip-ds6.o
                0x0000c1d0                uip_ds6_get_link_local
 .text.uip_ds6_maddr_add
                0x0000c224       0x7c build/nrf52840/dk/obj/uip-ds6.o
                0x0000c224                uip_ds6_maddr_add
 .text.uip_ds6_addr_add
                0x0000c2a0       0xd0 build/nrf52840/dk/obj/uip-ds6.o
                0x0000c2a0                uip_ds6_addr_add
 .text.uip_ds6_init
                0x0000c370      0x128 build/nrf52840/dk/obj/uip-ds6.o
                0x0000c370                uip_ds6_init
 .text.uip_ds6_maddr_lookup
                0x0000c498       0x50 build/nrf52840/dk/obj/uip-ds6.o
                0x0000c498                uip_ds6_maddr_lookup
 .text.uip_ds6_select_src
                0x0000c4e8      0x100 build/nrf52840/dk/obj/uip-ds6.o
                0x0000c4e8                uip_ds6_select_src
 .text.uip_ds6_set_addr_iid
                0x0000c5e8       0x18 build/nrf52840/dk/obj/uip-ds6.o
                0x0000c5e8                uip_ds6_set_addr_iid
 .text.uip_ds6_set_lladdr_from_iid
                0x0000c600       0x18 build/nrf52840/dk/obj/uip-ds6.o
                0x0000c600                uip_ds6_set_lladdr_from_iid
 .text.echo_reply_input
                0x0000c618       0x70 build/nrf52840/dk/obj/uip-icmp6.o
 .text.echo_request_input
                0x0000c688       0x84 build/nrf52840/dk/obj/uip-icmp6.o
 .text.uip_icmp6_input
                0x0000c70c       0x40 build/nrf52840/dk/obj/uip-icmp6.o
                0x0000c70c                uip_icmp6_input
 .text.uip_icmp6_register_input_handler
                0x0000c74c        0xc build/nrf52840/dk/obj/uip-icmp6.o
                0x0000c74c                uip_icmp6_register_input_handler
 .text.uip_icmp6_error_output
                0x0000c758      0x1d8 build/nrf52840/dk/obj/uip-icmp6.o
                0x0000c758                uip_icmp6_error_output
 .text.uip_icmp6_send
                0x0000c930       0xb0 build/nrf52840/dk/obj/uip-icmp6.o
                0x0000c930                uip_icmp6_send
 .text.uip_icmp6_init
                0x0000c9e0       0x24 build/nrf52840/dk/obj/uip-icmp6.o
                0x0000c9e0                uip_icmp6_init
 .text.ns_input
                0x0000ca04      0x304 build/nrf52840/dk/obj/uip-nd6.o
 .text.uip_nd6_init
                0x0000cd08        0xc build/nrf52840/dk/obj/uip-nd6.o
                0x0000cd08                uip_nd6_init
 .text.uip_sr_get_node
                0x0000cd14       0x60 build/nrf52840/dk/obj/uip-sr.o
                0x0000cd14                uip_sr_get_node
 .text.uip_sr_is_addr_reachable
                0x0000cd74       0x50 build/nrf52840/dk/obj/uip-sr.o
                0x0000cd74                uip_sr_is_addr_reachable
 .text.uip_sr_expire_parent
                0x0000cdc4       0x48 build/nrf52840/dk/obj/uip-sr.o
                0x0000cdc4                uip_sr_expire_parent
 .text.uip_sr_update_node
                0x0000ce0c      0x110 build/nrf52840/dk/obj/uip-sr.o
                0x0000ce0c                uip_sr_update_node
 .text.uip_sr_init
                0x0000cf1c       0x24 build/nrf52840/dk/obj/uip-sr.o
                0x0000cf1c                uip_sr_init
 .text.uip_sr_periodic
                0x0000cf40       0x74 build/nrf52840/dk/obj/uip-sr.o
                0x0000cf40                uip_sr_periodic
 .text.uip_sr_free_all
                0x0000cfb4       0x4c build/nrf52840/dk/obj/uip-sr.o
                0x0000cfb4                uip_sr_free_all
 .text.uip_udp_packet_sendto
                0x0000d000       0x84 build/nrf52840/dk/obj/uip-udp-packet.o
                0x0000d000                uip_udp_packet_sendto
 .text.chksum   0x0000d084       0x5c build/nrf52840/dk/obj/uip6.o
 .text.ext_hdr_options_process
                0x0000d0e0       0xf0 build/nrf52840/dk/obj/uip6.o
 .text.uip_update_ttl.isra.0
                0x0000d1d0       0x1c build/nrf52840/dk/obj/uip6.o
 .text.upper_layer_chksum
                0x0000d1ec       0x70 build/nrf52840/dk/obj/uip6.o
 .text.uip_icmp6chksum
                0x0000d25c        0x8 build/nrf52840/dk/obj/uip6.o
                0x0000d25c                uip_icmp6chksum
 .text.uip_init
                0x0000d264       0x44 build/nrf52840/dk/obj/uip6.o
                0x0000d264                uip_init
 .text.uip_remove_ext_hdr
                0x0000d2a8       0x94 build/nrf52840/dk/obj/uip6.o
                0x0000d2a8                uip_remove_ext_hdr
 .text.uip_udp_new
                0x0000d33c       0xa4 build/nrf52840/dk/obj/uip6.o
                0x0000d33c                uip_udp_new
 .text.uip_process
                0x0000d3e0      0x75c build/nrf52840/dk/obj/uip6.o
                0x0000d3e0                uip_process
 .text.uip_htonl
                0x0000db3c        0x4 build/nrf52840/dk/obj/uip6.o
                0x0000db3c                uip_htonl
 .text.uipbuf_clear
                0x0000db40       0x30 build/nrf52840/dk/obj/uipbuf.o
                0x0000db40                uipbuf_clear
 .text.uipbuf_add_ext_hdr
                0x0000db70       0x3c build/nrf52840/dk/obj/uipbuf.o
                0x0000db70                uipbuf_add_ext_hdr
 .text.uipbuf_set_len
                0x0000dbac       0x18 build/nrf52840/dk/obj/uipbuf.o
                0x0000dbac                uipbuf_set_len
 .text.uipbuf_set_len_field
                0x0000dbc4        0x8 build/nrf52840/dk/obj/uipbuf.o
                0x0000dbc4                uipbuf_set_len_field
 .text.uipbuf_get_len_field
                0x0000dbcc        0x8 build/nrf52840/dk/obj/uipbuf.o
                0x0000dbcc                uipbuf_get_len_field
 .text.uipbuf_get_next_header
                0x0000dbd4       0x68 build/nrf52840/dk/obj/uipbuf.o
                0x0000dbd4                uipbuf_get_next_header
 .text.uipbuf_get_last_header
                0x0000dc3c       0x8c build/nrf52840/dk/obj/uipbuf.o
                0x0000dc3c                uipbuf_get_last_header
 .text.uipbuf_search_header
                0x0000dcc8       0x9c build/nrf52840/dk/obj/uipbuf.o
                0x0000dcc8                uipbuf_search_header
 .text.uipbuf_get_attr
                0x0000dd64       0x14 build/nrf52840/dk/obj/uipbuf.o
                0x0000dd64                uipbuf_get_attr
 .text.uipbuf_set_attr
                0x0000dd78       0x18 build/nrf52840/dk/obj/uipbuf.o
                0x0000dd78                uipbuf_set_attr
 .text.uipbuf_init
                0x0000dd90       0x20 build/nrf52840/dk/obj/uipbuf.o
                0x0000dd90                uipbuf_init
 .text.uiplib_ipaddr_snprint.part.0
                0x0000ddb0       0xfc build/nrf52840/dk/obj/uiplib.o
 .text.uiplib_ipaddr_snprint
                0x0000deac       0x20 build/nrf52840/dk/obj/uiplib.o
                0x0000deac                uiplib_ipaddr_snprint
 .text.rpl_dag_root_set_prefix
                0x0000decc       0x64 build/nrf52840/dk/obj/rpl-dag-root.o
                0x0000decc                rpl_dag_root_set_prefix
 .text.rpl_dag_root_start
                0x0000df30       0xd4 build/nrf52840/dk/obj/rpl-dag-root.o
                0x0000df30                rpl_dag_root_start
 .text.rpl_dag_root_is_root
                0x0000e004       0x1c build/nrf52840/dk/obj/rpl-dag-root.o
                0x0000e004                rpl_dag_root_is_root
 .text.init_dag
                0x0000e020       0xc8 build/nrf52840/dk/obj/rpl-dag.o
 .text.process_dio_init_dag
                0x0000e0e8      0x104 build/nrf52840/dk/obj/rpl-dag.o
 .text.rpl_local_repair.part.0
                0x0000e1ec       0x60 build/nrf52840/dk/obj/rpl-dag.o
 .text.rpl_dag_update_state.part.0
                0x0000e24c      0x214 build/nrf52840/dk/obj/rpl-dag.o
 .text.rpl_dag_get_root_ipaddr
                0x0000e460       0x2c build/nrf52840/dk/obj/rpl-dag.o
                0x0000e460                rpl_dag_get_root_ipaddr
 .text.rpl_dag_leave
                0x0000e48c       0x58 build/nrf52840/dk/obj/rpl-dag.o
                0x0000e48c                rpl_dag_leave
 .text.rpl_dag_poison_and_leave
                0x0000e4e4       0x10 build/nrf52840/dk/obj/rpl-dag.o
                0x0000e4e4                rpl_dag_poison_and_leave
 .text.rpl_dag_periodic
                0x0000e4f4       0x94 build/nrf52840/dk/obj/rpl-dag.o
                0x0000e4f4                rpl_dag_periodic
 .text.rpl_is_addr_in_our_dag
                0x0000e588       0x28 build/nrf52840/dk/obj/rpl-dag.o
                0x0000e588                rpl_is_addr_in_our_dag
 .text.rpl_global_repair
                0x0000e5b0       0x7c build/nrf52840/dk/obj/rpl-dag.o
                0x0000e5b0                rpl_global_repair
 .text.rpl_local_repair
                0x0000e62c       0x10 build/nrf52840/dk/obj/rpl-dag.o
                0x0000e62c                rpl_local_repair
 .text.rpl_dag_ready_to_advertise
                0x0000e63c       0x24 build/nrf52840/dk/obj/rpl-dag.o
                0x0000e63c                rpl_dag_ready_to_advertise
 .text.rpl_dag_update_state
                0x0000e660       0x10 build/nrf52840/dk/obj/rpl-dag.o
                0x0000e660                rpl_dag_update_state
 .text.rpl_process_dio
                0x0000e670      0x2a0 build/nrf52840/dk/obj/rpl-dag.o
                0x0000e670                rpl_process_dio
 .text.rpl_process_dis
                0x0000e910       0x28 build/nrf52840/dk/obj/rpl-dag.o
                0x0000e910                rpl_process_dis
 .text.rpl_process_dao
                0x0000e938       0x7c build/nrf52840/dk/obj/rpl-dag.o
                0x0000e938                rpl_process_dao
 .text.rpl_process_dao_ack
                0x0000e9b4       0x90 build/nrf52840/dk/obj/rpl-dag.o
                0x0000e9b4                rpl_process_dao_ack
 .text.rpl_process_hbh
                0x0000ea44       0x2c build/nrf52840/dk/obj/rpl-dag.o
                0x0000ea44                rpl_process_hbh
 .text.rpl_dag_init_root
                0x0000ea70       0xa8 build/nrf52840/dk/obj/rpl-dag.o
                0x0000ea70                rpl_dag_init_root
 .text.rpl_dag_init
                0x0000eb18       0x10 build/nrf52840/dk/obj/rpl-dag.o
                0x0000eb18                rpl_dag_init
 .text.update_hbh_header
                0x0000eb28       0x9c build/nrf52840/dk/obj/rpl-ext-header.o
 .text.rpl_ext_header_srh_get_next_hop
                0x0000ebc4       0x6c build/nrf52840/dk/obj/rpl-ext-header.o
                0x0000ebc4                rpl_ext_header_srh_get_next_hop
 .text.rpl_ext_header_srh_update
                0x0000ec30      0x108 build/nrf52840/dk/obj/rpl-ext-header.o
                0x0000ec30                rpl_ext_header_srh_update
 .text.rpl_ext_header_hbh_update
                0x0000ed38       0xf8 build/nrf52840/dk/obj/rpl-ext-header.o
                0x0000ed38                rpl_ext_header_hbh_update
 .text.rpl_ext_header_remove
                0x0000ee30       0xb8 build/nrf52840/dk/obj/rpl-ext-header.o
                0x0000ee30                rpl_ext_header_remove
 .text.rpl_ext_header_update
                0x0000eee8      0x340 build/nrf52840/dk/obj/rpl-ext-header.o
                0x0000eee8                rpl_ext_header_update
 .text.dao_ack_input
                0x0000f228       0x74 build/nrf52840/dk/obj/rpl-icmp6.o
 .text.dao_input
                0x0000f29c      0x194 build/nrf52840/dk/obj/rpl-icmp6.o
 .text.dis_input
                0x0000f430       0x68 build/nrf52840/dk/obj/rpl-icmp6.o
 .text.dio_input
                0x0000f498      0x368 build/nrf52840/dk/obj/rpl-icmp6.o
 .text.rpl_icmp6_update_nbr_table
                0x0000f800       0xa0 build/nrf52840/dk/obj/rpl-icmp6.o
                0x0000f800                rpl_icmp6_update_nbr_table
 .text.rpl_icmp6_dis_output
                0x0000f8a0       0x34 build/nrf52840/dk/obj/rpl-icmp6.o
                0x0000f8a0                rpl_icmp6_dis_output
 .text.rpl_icmp6_dio_output
                0x0000f8d4      0x2c4 build/nrf52840/dk/obj/rpl-icmp6.o
                0x0000f8d4                rpl_icmp6_dio_output
 .text.rpl_icmp6_dao_output
                0x0000fb98      0x13c build/nrf52840/dk/obj/rpl-icmp6.o
                0x0000fb98                rpl_icmp6_dao_output
 .text.rpl_icmp6_dao_ack_output
                0x0000fcd4       0x4c build/nrf52840/dk/obj/rpl-icmp6.o
                0x0000fcd4                rpl_icmp6_dao_ack_output
 .text.rpl_icmp6_init
                0x0000fd20       0x30 build/nrf52840/dk/obj/rpl-icmp6.o
                0x0000fd20                rpl_icmp6_init
 .text.reset    0x0000fd50        0x4 build/nrf52840/dk/obj/rpl-mrhof.o
 .text.update_metric_container
                0x0000fd54        0xc build/nrf52840/dk/obj/rpl-mrhof.o
 .text.nbr_link_metric
                0x0000fd60       0x14 build/nrf52840/dk/obj/rpl-mrhof.o
 .text.nbr_path_cost
                0x0000fd74       0x3c build/nrf52840/dk/obj/rpl-mrhof.o
 .text.within_hysteresis
                0x0000fdb0       0x3c build/nrf52840/dk/obj/rpl-mrhof.o
 .text.nbr_has_usable_link
                0x0000fdec       0x18 build/nrf52840/dk/obj/rpl-mrhof.o
 .text.nbr_is_acceptable_parent
                0x0000fe04       0x2c build/nrf52840/dk/obj/rpl-mrhof.o
 .text.best_parent
                0x0000fe30       0xb4 build/nrf52840/dk/obj/rpl-mrhof.o
 .text.rank_via_nbr
                0x0000fee4       0x5c build/nrf52840/dk/obj/rpl-mrhof.o
 .text.rpl_nbr_gc_get_worst
                0x0000ff40       0x40 build/nrf52840/dk/obj/rpl-nbr-policy.o
                0x0000ff40                rpl_nbr_gc_get_worst
 .text.remove_neighbor
                0x0000ff80       0x3c build/nrf52840/dk/obj/rpl-neighbor.o
 .text.best_parent
                0x0000ffbc       0xac build/nrf52840/dk/obj/rpl-neighbor.o
 .text.rpl_neighbor_get_from_lladdr
                0x00010068       0x10 build/nrf52840/dk/obj/rpl-neighbor.o
                0x00010068                rpl_neighbor_get_from_lladdr
 .text.rpl_neighbor_rank_via_nbr
                0x00010078       0x18 build/nrf52840/dk/obj/rpl-neighbor.o
                0x00010078                rpl_neighbor_rank_via_nbr
 .text.rpl_neighbor_get_ipaddr
                0x00010090       0x18 build/nrf52840/dk/obj/rpl-neighbor.o
                0x00010090                rpl_neighbor_get_ipaddr
 .text.rpl_neighbor_get_link_stats
                0x000100a8       0x18 build/nrf52840/dk/obj/rpl-neighbor.o
                0x000100a8                rpl_neighbor_get_link_stats
 .text.rpl_neighbor_is_fresh
                0x000100c0       0x1c build/nrf52840/dk/obj/rpl-neighbor.o
                0x000100c0                rpl_neighbor_is_fresh
 .text.rpl_neighbor_set_preferred_parent
                0x000100dc       0x54 build/nrf52840/dk/obj/rpl-neighbor.o
                0x000100dc                rpl_neighbor_set_preferred_parent
 .text.rpl_neighbor_remove_all
                0x00010130       0x5c build/nrf52840/dk/obj/rpl-neighbor.o
                0x00010130                rpl_neighbor_remove_all
 .text.rpl_neighbor_get_from_ipaddr
                0x0001018c       0x1c build/nrf52840/dk/obj/rpl-neighbor.o
                0x0001018c                rpl_neighbor_get_from_ipaddr
 .text.rpl_neighbor_select_best
                0x000101a8       0x64 build/nrf52840/dk/obj/rpl-neighbor.o
                0x000101a8                rpl_neighbor_select_best
 .text.rpl_neighbor_init